<html>
<body>
<pre>
<h1>µVision3 Build Log</h1>
<h2>Project:</h2>
D:\My Documents\Documents\cortexm3\servo\project\robot.uv2
Project File Date:  07/06/2012

<h2>Output:</h2>
Build target 'Target 1'
compiling main.c...
..\User\main.c(311): error:  #20: identifier "TIM" is undefined
Target not created
Build target 'Target 1'
compiling main.c...
linking...
Program Size: Code=9856 RO-data=336 RW-data=44 ZI-data=1756  
"robot.axf" - 0 Error(s), 0 Warning(s).
Load "D:\\My Documents\\Documents\\cortexm3\\servo\\project\\robot.AXF" 
Erase Done.
Programming Done.
Verify OK.
Build target 'Target 1'
compiling main.c...
linking...
Program Size: Code=9860 RO-data=336 RW-data=44 ZI-data=1756  
"robot.axf" - 0 Error(s), 0 Warning(s).
Load "D:\\My Documents\\Documents\\cortexm3\\servo\\project\\robot.AXF" 
Erase Done.
Programming Done.
Verify OK.
Build target 'Target 1'
compiling main.c...
linking...
Program Size: Code=9856 RO-data=336 RW-data=44 ZI-data=1756  
"robot.axf" - 0 Error(s), 0 Warning(s).
Load "D:\\My Documents\\Documents\\cortexm3\\servo\\project\\robot.AXF" 
Erase Done.
Programming Done.
Verify OK.
Build target 'Target 1'
compiling main.c...
linking...
Program Size: Code=9860 RO-data=336 RW-data=44 ZI-data=1756  
"robot.axf" - 0 Error(s), 0 Warning(s).
Load "D:\\My Documents\\Documents\\cortexm3\\servo\\project\\robot.AXF" 
Erase Done.
Programming Done.
Verify OK.
Load "D:\\My Documents\\Documents\\cortexm3\\servo\\project\\robot.AXF" 
Erase Done.
Programming Done.
Verify OK.
Build target 'Target 1'
compiling main.c...
linking...
Program Size: Code=9888 RO-data=336 RW-data=44 ZI-data=1756  
"robot.axf" - 0 Error(s), 0 Warning(s).
Load "D:\\My Documents\\Documents\\cortexm3\\servo\\project\\robot.AXF" 
Erase Done.
Programming Done.
Verify OK.
Build target 'Target 1'
compiling main.c...
linking...
Program Size: Code=9892 RO-data=336 RW-data=44 ZI-data=1756  
"robot.axf" - 0 Error(s), 0 Warning(s).
Load "D:\\My Documents\\Documents\\cortexm3\\servo\\project\\robot.AXF" 
Erase Done.
Programming Done.
Verify OK.
Build target 'Target 1'
compiling main.c...
linking...
Program Size: Code=9888 RO-data=336 RW-data=44 ZI-data=1756  
"robot.axf" - 0 Error(s), 0 Warning(s).
Load "D:\\My Documents\\Documents\\cortexm3\\servo\\project\\robot.AXF" 
Erase Done.
Programming Done.
Verify OK.
Build target 'Target 1'
compiling main.c...
linking...
Program Size: Code=9888 RO-data=336 RW-data=44 ZI-data=1756  
"robot.axf" - 0 Error(s), 0 Warning(s).
Load "D:\\My Documents\\Documents\\cortexm3\\servo\\project\\robot.AXF" 
Erase Done.
Programming Done.
Verify OK.
Build target 'Target 1'
compiling main.c...
..\User\main.c(99): error:  #65: expected a ";"
Target not created
Build target 'Target 1'
compiling main.c...
linking...
Program Size: Code=9876 RO-data=336 RW-data=44 ZI-data=1756  
"robot.axf" - 0 Error(s), 0 Warning(s).
Load "D:\\My Documents\\Documents\\cortexm3\\servo\\project\\robot.AXF" 
Erase Done.
Programming Done.
Verify OK.
Build target 'Target 1'
compiling main.c...
linking...
Program Size: Code=9880 RO-data=336 RW-data=44 ZI-data=1756  
"robot.axf" - 0 Error(s), 0 Warning(s).
Load "D:\\My Documents\\Documents\\cortexm3\\servo\\project\\robot.AXF" 
Erase Done.
Programming Done.
Verify OK.
Build target 'Target 1'
compiling main.c...
linking...
Program Size: Code=9880 RO-data=336 RW-data=44 ZI-data=1756  
"robot.axf" - 0 Error(s), 0 Warning(s).
Load "D:\\My Documents\\Documents\\cortexm3\\servo\\project\\robot.AXF" 
Erase Done.
Programming Done.
Verify OK.
Load "D:\\My Documents\\Documents\\cortexm3\\servo\\project\\robot.AXF" 
Erase Done.
Programming Done.
Verify OK.
Build target 'Target 1'
compiling main.c...
linking...
Program Size: Code=9876 RO-data=336 RW-data=44 ZI-data=1756  
"robot.axf" - 0 Error(s), 0 Warning(s).
Load "D:\\My Documents\\Documents\\cortexm3\\servo\\project\\robot.AXF" 
Erase Done.
Programming Done.
Verify OK.
Build target 'Target 1'
compiling main.c...
linking...
Program Size: Code=9880 RO-data=336 RW-data=44 ZI-data=1756  
"robot.axf" - 0 Error(s), 0 Warning(s).
Load "D:\\My Documents\\Documents\\cortexm3\\servo\\project\\robot.AXF" 
Erase Done.
Programming Done.
Verify OK.
Build target 'Target 1'
compiling main.c...
linking...
Program Size: Code=9884 RO-data=336 RW-data=44 ZI-data=1756  
"robot.axf" - 0 Error(s), 0 Warning(s).
Build target 'Target 1'
compiling main.c...
linking...
Program Size: Code=9884 RO-data=336 RW-data=44 ZI-data=1756  
"robot.axf" - 0 Error(s), 0 Warning(s).
Load "D:\\My Documents\\Documents\\cortexm3\\servo\\project\\robot.AXF" 
Erase Done.
Programming Done.
Verify OK.
Build target 'Target 1'
compiling main.c...
linking...
Program Size: Code=9884 RO-data=336 RW-data=44 ZI-data=1756  
"robot.axf" - 0 Error(s), 0 Warning(s).
Load "D:\\My Documents\\Documents\\cortexm3\\servo\\project\\robot.AXF" 
Erase Done.
Programming Done.
Verify OK.
Build target 'Target 1'
compiling main.c...
linking...
Program Size: Code=9884 RO-data=336 RW-data=44 ZI-data=1756  
"robot.axf" - 0 Error(s), 0 Warning(s).
Build target 'Target 1'
compiling main.c...
linking...
Program Size: Code=9880 RO-data=336 RW-data=44 ZI-data=1756  
"robot.axf" - 0 Error(s), 0 Warning(s).
Load "D:\\My Documents\\Documents\\cortexm3\\servo\\project\\robot.AXF" 
Erase Done.
Programming Done.
Verify OK.
Build target 'Target 1'
compiling main.c...
linking...
Program Size: Code=9888 RO-data=336 RW-data=44 ZI-data=1756  
"robot.axf" - 0 Error(s), 0 Warning(s).
Load "D:\\My Documents\\Documents\\cortexm3\\servo\\project\\robot.AXF" 
Erase Done.
Programming Done.
Verify OK.
Build target 'Target 1'
compiling main.c...
linking...
Program Size: Code=9792 RO-data=336 RW-data=44 ZI-data=1756  
"robot.axf" - 0 Error(s), 0 Warning(s).
Load "D:\\My Documents\\Documents\\cortexm3\\servo\\project\\robot.AXF" 
Erase Done.
Programming Done.
Verify OK.
Load "D:\\My Documents\\Documents\\cortexm3\\servo\\project\\robot.AXF" 
Load "D:\\My Documents\\Documents\\cortexm3\\servo\\project\\robot.AXF" 
Load "D:\\My Documents\\Documents\\cortexm3\\servo\\project\\robot.AXF" 
Erase Done.
Programming Done.
Verify OK.
