ARM Linker, RVCT4.0 [Build 524] for uVision [Evaluation]

==============================================================================

Section Cross References

    main.o(.text) refers to stm32f10x_tim.o(.text) for TIM_GetITStatus
    main.o(.text) refers to faddsub_clz.o(x$fpl$fadd) for __aeabi_fadd
    main.o(.text) refers to fmul.o(x$fpl$fmul) for __aeabi_fmul
    main.o(.text) refers to ffixu.o(x$fpl$ffixu) for __aeabi_f2uiz
    main.o(.text) refers to delay.o(.text) for delay_ms
    main.o(.text) refers to fflt_clz.o(x$fpl$ffltu) for __aeabi_ui2f
    main.o(.text) refers to faddsub_clz.o(x$fpl$fsub) for __aeabi_fsub
    main.o(.text) refers to fdiv.o(x$fpl$fdiv) for __aeabi_fdiv
    main.o(.text) refers to main.o(.bss) for left_step
    main.o(.text) refers to main.o(.data) for init_angle
    main.o(.text) refers to misc.o(.text) for NVIC_PriorityGroupConfig
    main.o(.text) refers to stm32f10x_gpio.o(.text) for GPIO_Init
    main.o(.text) refers to stm32f10x_rcc.o(.text) for RCC_APB2PeriphClockCmd
    system_stm32f10x.o(.text) refers to system_stm32f10x.o(.data) for SystemCoreClock
    stm32f10x_gpio.o(.text) refers to stm32f10x_rcc.o(.text) for RCC_APB2PeriphResetCmd
    stm32f10x_tim.o(.text) refers to stm32f10x_rcc.o(.text) for RCC_APB2PeriphResetCmd
    stm32f10x_rcc.o(.text) refers to stm32f10x_rcc.o(.data) for .data
    delay.o(.text) refers to delay.o(.data) for .data
    startup_stm32f10x_hd.o(STACK) refers (Special) to heapauxi.o(.text) for __use_two_region_memory
    startup_stm32f10x_hd.o(HEAP) refers (Special) to heapauxi.o(.text) for __use_two_region_memory
    startup_stm32f10x_hd.o(RESET) refers (Special) to heapauxi.o(.text) for __use_two_region_memory
    startup_stm32f10x_hd.o(RESET) refers to startup_stm32f10x_hd.o(STACK) for __initial_sp
    startup_stm32f10x_hd.o(RESET) refers to startup_stm32f10x_hd.o(.text) for Reset_Handler
    startup_stm32f10x_hd.o(RESET) refers to stm32f10x_it.o(.text) for NMI_Handler
    startup_stm32f10x_hd.o(RESET) refers to main.o(.text) for TIM3_IRQHandler
    startup_stm32f10x_hd.o(.text) refers (Special) to heapauxi.o(.text) for __use_two_region_memory
    startup_stm32f10x_hd.o(.text) refers to system_stm32f10x.o(.text) for SystemInit
    startup_stm32f10x_hd.o(.text) refers to __main.o(!!!main) for __main
    startup_stm32f10x_hd.o(.text) refers to startup_stm32f10x_hd.o(HEAP) for Heap_Mem
    startup_stm32f10x_hd.o(.text) refers to startup_stm32f10x_hd.o(STACK) for Stack_Mem
    __main.o(!!!main) refers to rtentry.o(.ARM.Collect$$rtentry$$00000000) for __rt_entry
    faddsub_clz.o(x$fpl$fadd) refers (Special) to usenofp.o(x$fpl$usenofp) for __I$use$fp
    faddsub_clz.o(x$fpl$fadd) refers (Special) to funder.o(x$fpl$funder) for __funder
    faddsub_clz.o(x$fpl$fadd) refers to faddsub_clz.o(x$fpl$fsub) for _fsub1
    faddsub_clz.o(x$fpl$fadd) refers to fcheck.o(x$fpl$fcheck) for __fpl_fcheck_NaN2
    faddsub_clz.o(x$fpl$frsb) refers (Special) to usenofp.o(x$fpl$usenofp) for __I$use$fp
    faddsub_clz.o(x$fpl$frsb) refers (Special) to funder.o(x$fpl$funder) for __funder
    faddsub_clz.o(x$fpl$frsb) refers to faddsub_clz.o(x$fpl$fadd) for _fadd1
    faddsub_clz.o(x$fpl$frsb) refers to faddsub_clz.o(x$fpl$fsub) for _fsub1
    faddsub_clz.o(x$fpl$fsub) refers (Special) to usenofp.o(x$fpl$usenofp) for __I$use$fp
    faddsub_clz.o(x$fpl$fsub) refers (Special) to funder.o(x$fpl$funder) for __funder
    faddsub_clz.o(x$fpl$fsub) refers to faddsub_clz.o(x$fpl$fadd) for _fadd1
    faddsub_clz.o(x$fpl$fsub) refers to fcheck.o(x$fpl$fcheck) for __fpl_fcheck_NaN2
    fdiv.o(x$fpl$frdiv) refers (Special) to usenofp.o(x$fpl$usenofp) for __I$use$fp
    fdiv.o(x$fpl$frdiv) refers (Special) to fnorm2_clz.o(x$fpl$fnorm2) for __fpl_normalise2
    fdiv.o(x$fpl$frdiv) refers (Special) to funder.o(x$fpl$funder) for __funder
    fdiv.o(x$fpl$frdiv) refers to fdiv.o(x$fpl$fdiv) for _fdiv1
    fdiv.o(x$fpl$fdiv) refers (Special) to usenofp.o(x$fpl$usenofp) for __I$use$fp
    fdiv.o(x$fpl$fdiv) refers (Special) to fnorm2_clz.o(x$fpl$fnorm2) for __fpl_normalise2
    fdiv.o(x$fpl$fdiv) refers (Special) to funder.o(x$fpl$funder) for __funder
    fdiv.o(x$fpl$fdiv) refers to fcheck.o(x$fpl$fcheck) for __fpl_fcheck_NaN2
    ffixu.o(x$fpl$ffixu) refers (Special) to usenofp.o(x$fpl$usenofp) for __I$use$fp
    ffixu.o(x$fpl$ffixu) refers to fcheck1.o(x$fpl$fcheck1) for __fpl_fcheck_NaN1
    ffixu.o(x$fpl$ffixur) refers (Special) to usenofp.o(x$fpl$usenofp) for __I$use$fp
    ffixu.o(x$fpl$ffixur) refers to fcheck1.o(x$fpl$fcheck1) for __fpl_fcheck_NaN1
    fflt_clz.o(x$fpl$ffltu) refers (Special) to usenofp.o(x$fpl$usenofp) for __I$use$fp
    fflt_clz.o(x$fpl$ffltu) refers to fflt_clz.o(x$fpl$fflt) for __fflt_normalise
    fflt_clz.o(x$fpl$fflt) refers (Special) to usenofp.o(x$fpl$usenofp) for __I$use$fp
    fmul.o(x$fpl$fmul) refers (Special) to usenofp.o(x$fpl$usenofp) for __I$use$fp
    fmul.o(x$fpl$fmul) refers (Special) to fnorm2_clz.o(x$fpl$fnorm2) for __fpl_normalise2
    fmul.o(x$fpl$fmul) refers (Special) to funder.o(x$fpl$funder) for __funder
    fmul.o(x$fpl$fmul) refers to fcheck.o(x$fpl$fcheck) for __fpl_fcheck_NaN2
    rtentry.o(.ARM.Collect$$rtentry$$00000000) refers (Special) to rtentry2.o(.ARM.Collect$$rtentry$$0000000A) for __rt_entry_li
    rtentry.o(.ARM.Collect$$rtentry$$00000000) refers (Special) to rtentry2.o(.ARM.Collect$$rtentry$$0000000D) for __rt_entry_main
    rtentry.o(.ARM.Collect$$rtentry$$00000000) refers (Special) to rtentry2.o(.ARM.Collect$$rtentry$$0000000C) for __rt_entry_postli_1
    rtentry.o(.ARM.Collect$$rtentry$$00000000) refers (Special) to rtentry2.o(.ARM.Collect$$rtentry$$00000009) for __rt_entry_postsh_1
    rtentry.o(.ARM.Collect$$rtentry$$00000000) refers (Special) to rtentry2.o(.ARM.Collect$$rtentry$$00000002) for __rt_entry_presh_1
    rtentry.o(.ARM.Collect$$rtentry$$00000000) refers (Special) to rtentry4.o(.ARM.Collect$$rtentry$$00000004) for __rt_entry_sh
    rtentry.o(.ARM.exidx) refers (Special) to rtentry2.o(.ARM.Collect$$rtentry$$0000000A) for __rt_entry_li
    rtentry.o(.ARM.exidx) refers (Special) to rtentry2.o(.ARM.Collect$$rtentry$$0000000D) for __rt_entry_main
    rtentry.o(.ARM.exidx) refers (Special) to rtentry2.o(.ARM.Collect$$rtentry$$0000000C) for __rt_entry_postli_1
    rtentry.o(.ARM.exidx) refers (Special) to rtentry2.o(.ARM.Collect$$rtentry$$00000009) for __rt_entry_postsh_1
    rtentry.o(.ARM.exidx) refers (Special) to rtentry2.o(.ARM.Collect$$rtentry$$00000002) for __rt_entry_presh_1
    rtentry.o(.ARM.exidx) refers (Special) to rtentry4.o(.ARM.Collect$$rtentry$$00000004) for __rt_entry_sh
    rtentry.o(.ARM.exidx) refers to rtentry.o(.ARM.Collect$$rtentry$$00000000) for .ARM.Collect$$rtentry$$00000000
    fcheck.o(x$fpl$fcheck) refers (Special) to usenofp.o(x$fpl$usenofp) for __I$use$fp
    fcheck.o(x$fpl$fcheck) refers to retnan.o(x$fpl$retnan) for __fpl_return_NaN
    fcheck1.o(x$fpl$fcheck1) refers (Special) to usenofp.o(x$fpl$usenofp) for __I$use$fp
    fcheck1.o(x$fpl$fcheck1) refers to retnan.o(x$fpl$retnan) for __fpl_return_NaN
    fnorm2_clz.o(x$fpl$fnorm2) refers (Special) to usenofp.o(x$fpl$usenofp) for __I$use$fp
    funder.o(x$fpl$funder) refers (Special) to usenofp.o(x$fpl$usenofp) for __I$use$fp
    rtentry2.o(.ARM.Collect$$rtentry$$00000008) refers to boardinit2.o(.text) for _platform_post_stackheap_init
    rtentry2.o(.ARM.Collect$$rtentry$$0000000A) refers to libinit.o(.ARM.Collect$$libinit$$00000000) for __rt_lib_init
    rtentry2.o(.ARM.Collect$$rtentry$$0000000B) refers to boardinit3.o(.text) for _platform_post_lib_init
    rtentry2.o(.ARM.Collect$$rtentry$$0000000D) refers to main.o(.text) for main
    rtentry2.o(.ARM.Collect$$rtentry$$0000000D) refers to exit.o(.text) for exit
    rtentry2.o(.ARM.exidx) refers to rtentry2.o(.ARM.Collect$$rtentry$$00000001) for .ARM.Collect$$rtentry$$00000001
    rtentry2.o(.ARM.exidx) refers to rtentry2.o(.ARM.Collect$$rtentry$$00000002) for .ARM.Collect$$rtentry$$00000002
    rtentry2.o(.ARM.exidx) refers to rtentry2.o(.ARM.Collect$$rtentry$$00000008) for .ARM.Collect$$rtentry$$00000008
    rtentry2.o(.ARM.exidx) refers to rtentry2.o(.ARM.Collect$$rtentry$$00000009) for .ARM.Collect$$rtentry$$00000009
    rtentry2.o(.ARM.exidx) refers to rtentry2.o(.ARM.Collect$$rtentry$$0000000A) for .ARM.Collect$$rtentry$$0000000A
    rtentry2.o(.ARM.exidx) refers to rtentry2.o(.ARM.Collect$$rtentry$$0000000B) for .ARM.Collect$$rtentry$$0000000B
    rtentry2.o(.ARM.exidx) refers to rtentry2.o(.ARM.Collect$$rtentry$$0000000C) for .ARM.Collect$$rtentry$$0000000C
    rtentry2.o(.ARM.exidx) refers to rtentry2.o(.ARM.Collect$$rtentry$$0000000D) for .ARM.Collect$$rtentry$$0000000D
    rtentry4.o(.ARM.Collect$$rtentry$$00000004) refers to sys_stackheap_outer.o(.text) for __user_setup_stackheap
    rtentry4.o(.ARM.exidx) refers to rtentry4.o(.ARM.Collect$$rtentry$$00000004) for .ARM.Collect$$rtentry$$00000004
    retnan.o(x$fpl$retnan) refers (Special) to usenofp.o(x$fpl$usenofp) for __I$use$fp
    retnan.o(x$fpl$retnan) refers to trapv.o(x$fpl$trapveneer) for __fpl_cmpreturn
    sys_stackheap_outer.o(.text) refers to libspace.o(.text) for __user_perproc_libspace
    sys_stackheap_outer.o(.text) refers to startup_stm32f10x_hd.o(.text) for __user_initial_stackheap
    exit.o(.text) refers to rtexit.o(.ARM.Collect$$rtexit$$00000000) for __rt_exit
    libinit.o(.ARM.Collect$$libinit$$00000000) refers (Special) to libinit2.o(.ARM.Collect$$libinit$$0000002A) for __rt_lib_init_alloca_1
    libinit.o(.ARM.Collect$$libinit$$00000000) refers (Special) to libinit2.o(.ARM.Collect$$libinit$$00000028) for __rt_lib_init_argv_1
    libinit.o(.ARM.Collect$$libinit$$00000000) refers (Special) to libinit2.o(.ARM.Collect$$libinit$$00000017) for __rt_lib_init_atexit_1
    libinit.o(.ARM.Collect$$libinit$$00000000) refers (Special) to libinit2.o(.ARM.Collect$$libinit$$0000001D) for __rt_lib_init_clock_1
    libinit.o(.ARM.Collect$$libinit$$00000000) refers (Special) to libinit2.o(.ARM.Collect$$libinit$$0000002E) for __rt_lib_init_cpp_1
    libinit.o(.ARM.Collect$$libinit$$00000000) refers (Special) to libinit2.o(.ARM.Collect$$libinit$$0000002C) for __rt_lib_init_exceptions_1
    libinit.o(.ARM.Collect$$libinit$$00000000) refers (Special) to libinit2.o(.ARM.Collect$$libinit$$0000001B) for __rt_lib_init_fp_trap_1
    libinit.o(.ARM.Collect$$libinit$$00000000) refers (Special) to libinit2.o(.ARM.Collect$$libinit$$0000001F) for __rt_lib_init_getenv_1
    libinit.o(.ARM.Collect$$libinit$$00000000) refers (Special) to libinit2.o(.ARM.Collect$$libinit$$00000006) for __rt_lib_init_heap_1
    libinit.o(.ARM.Collect$$libinit$$00000000) refers (Special) to libinit2.o(.ARM.Collect$$libinit$$0000000D) for __rt_lib_init_lc_collate_1
    libinit.o(.ARM.Collect$$libinit$$00000000) refers (Special) to libinit2.o(.ARM.Collect$$libinit$$0000000F) for __rt_lib_init_lc_ctype_1
    libinit.o(.ARM.Collect$$libinit$$00000000) refers (Special) to libinit2.o(.ARM.Collect$$libinit$$00000011) for __rt_lib_init_lc_monetary_1
    libinit.o(.ARM.Collect$$libinit$$00000000) refers (Special) to libinit2.o(.ARM.Collect$$libinit$$00000013) for __rt_lib_init_lc_numeric_1
    libinit.o(.ARM.Collect$$libinit$$00000000) refers (Special) to libinit2.o(.ARM.Collect$$libinit$$00000015) for __rt_lib_init_lc_time_1
    libinit.o(.ARM.Collect$$libinit$$00000000) refers (Special) to libinit2.o(.ARM.Collect$$libinit$$0000000A) for __rt_lib_init_rand_1
    libinit.o(.ARM.Collect$$libinit$$00000000) refers (Special) to libinit2.o(.ARM.Collect$$libinit$$0000002F) for __rt_lib_init_return
    libinit.o(.ARM.Collect$$libinit$$00000000) refers (Special) to libinit2.o(.ARM.Collect$$libinit$$00000019) for __rt_lib_init_signal_1
    libinit.o(.ARM.Collect$$libinit$$00000000) refers (Special) to libinit2.o(.ARM.Collect$$libinit$$00000021) for __rt_lib_init_stdio_1
    libinit.o(.ARM.Collect$$libinit$$00000000) refers (Special) to libinit2.o(.ARM.Collect$$libinit$$00000008) for __rt_lib_init_user_alloc_1
    trapv.o(x$fpl$trapveneer) refers (Special) to usenofp.o(x$fpl$usenofp) for __I$use$fp
    libspace.o(.text) refers to libspace.o(.bss) for __libspace_start
    rtexit.o(.ARM.Collect$$rtexit$$00000000) refers (Special) to rtexit2.o(.ARM.Collect$$rtexit$$00000004) for __rt_exit_exit
    rtexit.o(.ARM.Collect$$rtexit$$00000000) refers (Special) to rtexit2.o(.ARM.Collect$$rtexit$$00000003) for __rt_exit_ls
    rtexit.o(.ARM.Collect$$rtexit$$00000000) refers (Special) to rtexit2.o(.ARM.Collect$$rtexit$$00000002) for __rt_exit_prels_1
    rtexit.o(.ARM.exidx) refers (Special) to rtexit2.o(.ARM.Collect$$rtexit$$00000004) for __rt_exit_exit
    rtexit.o(.ARM.exidx) refers (Special) to rtexit2.o(.ARM.Collect$$rtexit$$00000003) for __rt_exit_ls
    rtexit.o(.ARM.exidx) refers (Special) to rtexit2.o(.ARM.Collect$$rtexit$$00000002) for __rt_exit_prels_1
    rtexit.o(.ARM.exidx) refers to rtexit.o(.ARM.Collect$$rtexit$$00000000) for .ARM.Collect$$rtexit$$00000000
    libinit2.o(.ARM.Collect$$libinit$$0000000C) refers to libinit2.o(.ARM.Collect$$libinit$$0000000B) for .ARM.Collect$$libinit$$0000000B
    libinit2.o(.ARM.Collect$$libinit$$0000000E) refers to libinit2.o(.ARM.Collect$$libinit$$0000000B) for .ARM.Collect$$libinit$$0000000B
    libinit2.o(.ARM.Collect$$libinit$$00000010) refers to libinit2.o(.ARM.Collect$$libinit$$0000000B) for .ARM.Collect$$libinit$$0000000B
    libinit2.o(.ARM.Collect$$libinit$$00000012) refers to libinit2.o(.ARM.Collect$$libinit$$0000000B) for .ARM.Collect$$libinit$$0000000B
    libinit2.o(.ARM.Collect$$libinit$$00000014) refers to libinit2.o(.ARM.Collect$$libinit$$0000000B) for .ARM.Collect$$libinit$$0000000B
    libinit2.o(.ARM.Collect$$libinit$$00000022) refers to argv_veneer.o(.emb_text) for __ARM_argv_veneer
    libinit2.o(.ARM.Collect$$libinit$$00000023) refers to argv_veneer.o(.emb_text) for __ARM_argv_veneer
    rtexit2.o(.ARM.Collect$$rtexit$$00000003) refers to libshutdown.o(.ARM.Collect$$libshutdown$$00000000) for __rt_lib_shutdown
    rtexit2.o(.ARM.Collect$$rtexit$$00000004) refers to sys_exit.o(.text) for _sys_exit
    rtexit2.o(.ARM.exidx) refers to rtexit2.o(.ARM.Collect$$rtexit$$00000001) for .ARM.Collect$$rtexit$$00000001
    rtexit2.o(.ARM.exidx) refers to rtexit2.o(.ARM.Collect$$rtexit$$00000002) for .ARM.Collect$$rtexit$$00000002
    rtexit2.o(.ARM.exidx) refers to rtexit2.o(.ARM.Collect$$rtexit$$00000003) for .ARM.Collect$$rtexit$$00000003
    rtexit2.o(.ARM.exidx) refers to rtexit2.o(.ARM.Collect$$rtexit$$00000004) for .ARM.Collect$$rtexit$$00000004
    argv_veneer.o(.emb_text) refers to no_argv.o(.text) for __ARM_get_argv
    sys_exit.o(.text) refers to use_no_semi.o(.text) for __I$use$semihosting
    _get_argv_nomalloc.o(.text) refers (Special) to hrguard.o(.text) for __heap_region$guard
    _get_argv_nomalloc.o(.text) refers to defsig_rtmem_outer.o(.text) for __rt_SIGRTMEM
    _get_argv_nomalloc.o(.text) refers to sys_command.o(.text) for _sys_command_string
    libshutdown.o(.ARM.Collect$$libshutdown$$00000000) refers (Special) to libshutdown2.o(.ARM.Collect$$libshutdown$$00000006) for __rt_lib_shutdown_fp_trap_1
    libshutdown.o(.ARM.Collect$$libshutdown$$00000000) refers (Special) to libshutdown2.o(.ARM.Collect$$libshutdown$$0000000E) for __rt_lib_shutdown_heap_1
    libshutdown.o(.ARM.Collect$$libshutdown$$00000000) refers (Special) to libshutdown2.o(.ARM.Collect$$libshutdown$$0000000F) for __rt_lib_shutdown_return
    libshutdown.o(.ARM.Collect$$libshutdown$$00000000) refers (Special) to libshutdown2.o(.ARM.Collect$$libshutdown$$00000009) for __rt_lib_shutdown_signal_1
    libshutdown.o(.ARM.Collect$$libshutdown$$00000000) refers (Special) to libshutdown2.o(.ARM.Collect$$libshutdown$$00000003) for __rt_lib_shutdown_stdio_1
    libshutdown.o(.ARM.Collect$$libshutdown$$00000000) refers (Special) to libshutdown2.o(.ARM.Collect$$libshutdown$$0000000B) for __rt_lib_shutdown_user_alloc_1
    sys_command.o(.text) refers (Special) to use_no_semi.o(.text) for __I$use$semihosting
    defsig_rtmem_outer.o(.text) refers to defsig_rtmem_inner.o(.text) for __rt_SIGRTMEM_inner
    defsig_rtmem_outer.o(.text) refers to defsig_exit.o(.text) for __sig_exit
    defsig_rtmem_formal.o(.text) refers to rt_raise.o(.text) for __rt_raise
    rt_raise.o(.text) refers to __raise.o(.text) for __raise
    rt_raise.o(.text) refers to sys_exit.o(.text) for _sys_exit
    defsig_exit.o(.text) refers to sys_exit.o(.text) for _sys_exit
    defsig_rtmem_inner.o(.text) refers to defsig_general.o(.text) for __default_signal_display
    __raise.o(.text) refers to defsig.o(CL$$defsig) for __default_signal_handler
    defsig_general.o(.text) refers to sys_wrch.o(.text) for _ttywrch
    sys_wrch.o(.text) refers (Special) to use_no_semi.o(.text) for __I$use$semihosting
    defsig.o(CL$$defsig) refers to defsig_rtmem_inner.o(.text) for __rt_SIGRTMEM_inner
    defsig_abrt_inner.o(.text) refers to defsig_general.o(.text) for __default_signal_display
    defsig_fpe_inner.o(.text) refers to defsig_general.o(.text) for __default_signal_display
    defsig_rtred_inner.o(.text) refers to defsig_general.o(.text) for __default_signal_display
    defsig_stak_inner.o(.text) refers to defsig_general.o(.text) for __default_signal_display
    defsig_pvfn_inner.o(.text) refers to defsig_general.o(.text) for __default_signal_display
    defsig_cppl_inner.o(.text) refers to defsig_general.o(.text) for __default_signal_display
    defsig_segv_inner.o(.text) refers to defsig_general.o(.text) for __default_signal_display
    defsig_other.o(.text) refers to defsig_general.o(.text) for __default_signal_display


==============================================================================

Removing Unused input sections from the image.

    Removing core_cm3.o(.emb_text), (32 bytes).

1 unused section(s) (total 32 bytes) removed from the image.

==============================================================================

Image Symbol Table

    Local Symbols

    Symbol Name                              Value     Ov Type        Size  Object(Section)

    ../../angel/boardlib.s                   0x00000000   Number         0  boardshut.o ABSOLUTE
    ../../angel/boardlib.s                   0x00000000   Number         0  boardinit3.o ABSOLUTE
    ../../angel/boardlib.s                   0x00000000   Number         0  boardinit2.o ABSOLUTE
    ../../angel/boardlib.s                   0x00000000   Number         0  boardinit1.o ABSOLUTE
    ../../angel/handlers.s                   0x00000000   Number         0  __scatter_zi.o ABSOLUTE
    ../../angel/handlers.s                   0x00000000   Number         0  __scatter_copy.o ABSOLUTE
    ../../angel/kernel.s                     0x00000000   Number         0  rtentry2.o ABSOLUTE
    ../../angel/kernel.s                     0x00000000   Number         0  rtexit2.o ABSOLUTE
    ../../angel/kernel.s                     0x00000000   Number         0  rtexit.o ABSOLUTE
    ../../angel/kernel.s                     0x00000000   Number         0  rtentry4.o ABSOLUTE
    ../../angel/kernel.s                     0x00000000   Number         0  rtentry.o ABSOLUTE
    ../../angel/rt.s                         0x00000000   Number         0  rt_raise.o ABSOLUTE
    ../../angel/scatter.s                    0x00000000   Number         0  __scatter.o ABSOLUTE
    ../../angel/startup.s                    0x00000000   Number         0  __main.o ABSOLUTE
    ../../angel/sys.s                        0x00000000   Number         0  libspace.o ABSOLUTE
    ../../angel/sys.s                        0x00000000   Number         0  sys_stackheap_outer.o ABSOLUTE
    ../../angel/sys.s                        0x00000000   Number         0  use_no_semi.o ABSOLUTE
    ../../angel/sys.s                        0x00000000   Number         0  sys_exit.o ABSOLUTE
    ../../angel/sysapp.c                     0x00000000   Number         0  sys_wrch.o ABSOLUTE
    ../../angel/sysapp.c                     0x00000000   Number         0  sys_command.o ABSOLUTE
    ../../armsys.c                           0x00000000   Number         0  argv_veneer.o ABSOLUTE
    ../../armsys.c                           0x00000000   Number         0  argv_veneer.o ABSOLUTE
    ../../armsys.c                           0x00000000   Number         0  no_argv.o ABSOLUTE
    ../../armsys.c                           0x00000000   Number         0  _get_argv_nomalloc.o ABSOLUTE
    ../../faddsub.s                          0x00000000   Number         0  faddsub_clz.o ABSOLUTE
    ../../fcheck.s                           0x00000000   Number         0  fcheck.o ABSOLUTE
    ../../fcheck1.s                          0x00000000   Number         0  fcheck1.o ABSOLUTE
    ../../fdiv.s                             0x00000000   Number         0  fdiv.o ABSOLUTE
    ../../ffixu.s                            0x00000000   Number         0  ffixu.o ABSOLUTE
    ../../fflt.s                             0x00000000   Number         0  fflt_clz.o ABSOLUTE
    ../../fmul.s                             0x00000000   Number         0  fmul.o ABSOLUTE
    ../../fnorm2.s                           0x00000000   Number         0  fnorm2_clz.o ABSOLUTE
    ../../fpinit.s                           0x00000000   Number         0  fpinit.o ABSOLUTE
    ../../funder.s                           0x00000000   Number         0  funder.o ABSOLUTE
    ../../heapalloc.c                        0x00000000   Number         0  hrguard.o ABSOLUTE
    ../../heapaux.c                          0x00000000   Number         0  heapauxi.o ABSOLUTE
    ../../libinit.s                          0x00000000   Number         0  libinit.o ABSOLUTE
    ../../libinit.s                          0x00000000   Number         0  libinit2.o ABSOLUTE
    ../../libinit.s                          0x00000000   Number         0  libshutdown2.o ABSOLUTE
    ../../libinit.s                          0x00000000   Number         0  libshutdown.o ABSOLUTE
    ../../retnan.s                           0x00000000   Number         0  retnan.o ABSOLUTE
    ../../signal.c                           0x00000000   Number         0  defsig_fpe_inner.o ABSOLUTE
    ../../signal.c                           0x00000000   Number         0  defsig_general.o ABSOLUTE
    ../../signal.c                           0x00000000   Number         0  defsig_rtmem_inner.o ABSOLUTE
    ../../signal.c                           0x00000000   Number         0  defsig_abrt_inner.o ABSOLUTE
    ../../signal.c                           0x00000000   Number         0  defsig_exit.o ABSOLUTE
    ../../signal.c                           0x00000000   Number         0  defsig_rtmem_formal.o ABSOLUTE
    ../../signal.c                           0x00000000   Number         0  defsig_stak_inner.o ABSOLUTE
    ../../signal.c                           0x00000000   Number         0  defsig_rtmem_outer.o ABSOLUTE
    ../../signal.c                           0x00000000   Number         0  __raise.o ABSOLUTE
    ../../signal.c                           0x00000000   Number         0  defsig_segv_inner.o ABSOLUTE
    ../../signal.c                           0x00000000   Number         0  defsig_other.o ABSOLUTE
    ../../signal.c                           0x00000000   Number         0  defsig_cppl_inner.o ABSOLUTE
    ../../signal.c                           0x00000000   Number         0  defsig_pvfn_inner.o ABSOLUTE
    ../../signal.c                           0x00000000   Number         0  defsig_rtred_inner.o ABSOLUTE
    ../../signal.s                           0x00000000   Number         0  defsig.o ABSOLUTE
    ../../stdlib.c                           0x00000000   Number         0  exit.o ABSOLUTE
    ../../trapv.s                            0x00000000   Number         0  trapv.o ABSOLUTE
    ../../usenofp.s                          0x00000000   Number         0  usenofp.o ABSOLUTE
    ..\CMSIS\CM3\CoreSupport\core_cm3.c      0x00000000   Number         0  core_cm3.o ABSOLUTE
    ..\CMSIS\CM3\DeviceSupport\ST\STM32F10x\system_stm32f10x.c 0x00000000   Number         0  system_stm32f10x.o ABSOLUTE
    ..\Startup\startup_stm32f10x_hd.s        0x00000000   Number         0  startup_stm32f10x_hd.o ABSOLUTE
    ..\User\main.c                           0x00000000   Number         0  main.o ABSOLUTE
    ..\User\stm32f10x_it.c                   0x00000000   Number         0  stm32f10x_it.o ABSOLUTE
    ..\\CMSIS\\CM3\\CoreSupport\\core_cm3.c  0x00000000   Number         0  core_cm3.o ABSOLUTE
    ..\libraries\src\delay.c                 0x00000000   Number         0  delay.o ABSOLUTE
    ..\libraries\src\misc.c                  0x00000000   Number         0  misc.o ABSOLUTE
    ..\libraries\src\stm32f10x_gpio.c        0x00000000   Number         0  stm32f10x_gpio.o ABSOLUTE
    ..\libraries\src\stm32f10x_rcc.c         0x00000000   Number         0  stm32f10x_rcc.o ABSOLUTE
    ..\libraries\src\stm32f10x_tim.c         0x00000000   Number         0  stm32f10x_tim.o ABSOLUTE
    dc.s                                     0x00000000   Number         0  dc.o ABSOLUTE
    RESET                                    0x08000000   Section      304  startup_stm32f10x_hd.o(RESET)
    !!!main                                  0x08000130   Section        8  __main.o(!!!main)
    !!!scatter                               0x08000138   Section       52  __scatter.o(!!!scatter)
    !!handler_copy                           0x0800016c   Section       26  __scatter_copy.o(!!handler_copy)
    !!handler_zi                             0x08000188   Section       28  __scatter_zi.o(!!handler_zi)
    .ARM.Collect$$libinit$$00000000          0x080001a4   Section        6  libinit.o(.ARM.Collect$$libinit$$00000000)
    .ARM.Collect$$libinit$$00000006          0x080001aa   Section        0  libinit2.o(.ARM.Collect$$libinit$$00000006)
    .ARM.Collect$$libinit$$00000008          0x080001aa   Section        0  libinit2.o(.ARM.Collect$$libinit$$00000008)
    .ARM.Collect$$libinit$$0000000A          0x080001aa   Section        0  libinit2.o(.ARM.Collect$$libinit$$0000000A)
    .ARM.Collect$$libinit$$0000000D          0x080001aa   Section        0  libinit2.o(.ARM.Collect$$libinit$$0000000D)
    .ARM.Collect$$libinit$$0000000F          0x080001aa   Section        0  libinit2.o(.ARM.Collect$$libinit$$0000000F)
    .ARM.Collect$$libinit$$00000011          0x080001aa   Section        0  libinit2.o(.ARM.Collect$$libinit$$00000011)
    .ARM.Collect$$libinit$$00000013          0x080001aa   Section        0  libinit2.o(.ARM.Collect$$libinit$$00000013)
    .ARM.Collect$$libinit$$00000015          0x080001aa   Section        0  libinit2.o(.ARM.Collect$$libinit$$00000015)
    .ARM.Collect$$libinit$$00000017          0x080001aa   Section        0  libinit2.o(.ARM.Collect$$libinit$$00000017)
    .ARM.Collect$$libinit$$00000019          0x080001aa   Section        0  libinit2.o(.ARM.Collect$$libinit$$00000019)
    .ARM.Collect$$libinit$$0000001B          0x080001aa   Section        0  libinit2.o(.ARM.Collect$$libinit$$0000001B)
    .ARM.Collect$$libinit$$0000001D          0x080001aa   Section        0  libinit2.o(.ARM.Collect$$libinit$$0000001D)
    .ARM.Collect$$libinit$$0000001F          0x080001aa   Section        0  libinit2.o(.ARM.Collect$$libinit$$0000001F)
    .ARM.Collect$$libinit$$00000021          0x080001aa   Section        0  libinit2.o(.ARM.Collect$$libinit$$00000021)
    .ARM.Collect$$libinit$$00000028          0x080001aa   Section        0  libinit2.o(.ARM.Collect$$libinit$$00000028)
    .ARM.Collect$$libinit$$0000002A          0x080001aa   Section        0  libinit2.o(.ARM.Collect$$libinit$$0000002A)
    .ARM.Collect$$libinit$$0000002C          0x080001aa   Section        0  libinit2.o(.ARM.Collect$$libinit$$0000002C)
    .ARM.Collect$$libinit$$0000002E          0x080001aa   Section        0  libinit2.o(.ARM.Collect$$libinit$$0000002E)
    .ARM.Collect$$libinit$$0000002F          0x080001aa   Section        2  libinit2.o(.ARM.Collect$$libinit$$0000002F)
    .ARM.Collect$$libshutdown$$00000000      0x080001ac   Section        2  libshutdown.o(.ARM.Collect$$libshutdown$$00000000)
    .ARM.Collect$$libshutdown$$00000003      0x080001ae   Section        0  libshutdown2.o(.ARM.Collect$$libshutdown$$00000003)
    .ARM.Collect$$libshutdown$$00000006      0x080001ae   Section        0  libshutdown2.o(.ARM.Collect$$libshutdown$$00000006)
    .ARM.Collect$$libshutdown$$00000009      0x080001ae   Section        0  libshutdown2.o(.ARM.Collect$$libshutdown$$00000009)
    .ARM.Collect$$libshutdown$$0000000B      0x080001ae   Section        0  libshutdown2.o(.ARM.Collect$$libshutdown$$0000000B)
    .ARM.Collect$$libshutdown$$0000000E      0x080001ae   Section        0  libshutdown2.o(.ARM.Collect$$libshutdown$$0000000E)
    .ARM.Collect$$libshutdown$$0000000F      0x080001ae   Section        2  libshutdown2.o(.ARM.Collect$$libshutdown$$0000000F)
    .ARM.Collect$$rtentry$$00000000          0x080001b0   Section        0  rtentry.o(.ARM.Collect$$rtentry$$00000000)
    .ARM.Collect$$rtentry$$00000002          0x080001b0   Section        0  rtentry2.o(.ARM.Collect$$rtentry$$00000002)
    .ARM.Collect$$rtentry$$00000004          0x080001b0   Section        6  rtentry4.o(.ARM.Collect$$rtentry$$00000004)
    .ARM.Collect$$rtentry$$00000009          0x080001b6   Section        0  rtentry2.o(.ARM.Collect$$rtentry$$00000009)
    .ARM.Collect$$rtentry$$0000000A          0x080001b6   Section        4  rtentry2.o(.ARM.Collect$$rtentry$$0000000A)
    .ARM.Collect$$rtentry$$0000000C          0x080001ba   Section        0  rtentry2.o(.ARM.Collect$$rtentry$$0000000C)
    .ARM.Collect$$rtentry$$0000000D          0x080001ba   Section        8  rtentry2.o(.ARM.Collect$$rtentry$$0000000D)
    .ARM.Collect$$rtexit$$00000000           0x080001c2   Section        0  rtexit.o(.ARM.Collect$$rtexit$$00000000)
    .ARM.Collect$$rtexit$$00000002           0x080001c2   Section        0  rtexit2.o(.ARM.Collect$$rtexit$$00000002)
    .ARM.Collect$$rtexit$$00000003           0x080001c2   Section        4  rtexit2.o(.ARM.Collect$$rtexit$$00000003)
    .ARM.Collect$$rtexit$$00000004           0x080001c6   Section        4  rtexit2.o(.ARM.Collect$$rtexit$$00000004)
    .text                                    0x080001cc   Section     2056  main.o(.text)
    .text                                    0x080009d4   Section       26  stm32f10x_it.o(.text)
    .text                                    0x080009f0   Section      456  system_stm32f10x.o(.text)
    SetSysClockTo72                          0x080009f1   Thumb Code   192  system_stm32f10x.o(.text)
    SetSysClock                              0x08000ab1   Thumb Code     8  system_stm32f10x.o(.text)
    .text                                    0x08000bb8   Section      224  misc.o(.text)
    .text                                    0x08000c98   Section      840  stm32f10x_gpio.o(.text)
    .text                                    0x08000fe0   Section     3426  stm32f10x_tim.o(.text)
    TI4_Config                               0x08001469   Thumb Code   114  stm32f10x_tim.o(.text)
    TI3_Config                               0x080014ed   Thumb Code   110  stm32f10x_tim.o(.text)
    TI2_Config                               0x08001571   Thumb Code   114  stm32f10x_tim.o(.text)
    TI1_Config                               0x080015f5   Thumb Code   102  stm32f10x_tim.o(.text)
    .text                                    0x08001d44   Section      912  stm32f10x_rcc.o(.text)
    .text                                    0x080020d4   Section      156  delay.o(.text)
    .text                                    0x08002170   Section       64  startup_stm32f10x_hd.o(.text)
    .text                                    0x080021b0   Section        6  heapauxi.o(.text)
    .text                                    0x080021b6   Section       74  sys_stackheap_outer.o(.text)
    .text                                    0x08002200   Section       12  exit.o(.text)
    .text                                    0x0800220c   Section        8  libspace.o(.text)
    .text                                    0x08002214   Section       20  sys_exit.o(.text)
    .text                                    0x08002228   Section        2  use_no_semi.o(.text)
    x$fpl$fadd                               0x0800222c   Section      256  faddsub_clz.o(x$fpl$fadd)
    _fadd1                                   0x0800223b   Thumb Code     0  faddsub_clz.o(x$fpl$fadd)
    x$fpl$fcheck                             0x0800232c   Section       12  fcheck.o(x$fpl$fcheck)
    x$fpl$fcheck1                            0x08002338   Section       12  fcheck1.o(x$fpl$fcheck1)
    x$fpl$fdiv                               0x08002344   Section      484  fdiv.o(x$fpl$fdiv)
    _fdiv1                                   0x08002345   Thumb Code     0  fdiv.o(x$fpl$fdiv)
    x$fpl$ffixu                              0x08002528   Section       88  ffixu.o(x$fpl$ffixu)
    x$fpl$fflt                               0x08002580   Section       50  fflt_clz.o(x$fpl$fflt)
    x$fpl$ffltu                              0x080025b2   Section        8  fflt_clz.o(x$fpl$ffltu)
    x$fpl$fmul                               0x080025bc   Section      264  fmul.o(x$fpl$fmul)
    x$fpl$fnorm2                             0x080026c4   Section       74  fnorm2_clz.o(x$fpl$fnorm2)
    x$fpl$fsub                               0x08002710   Section      292  faddsub_clz.o(x$fpl$fsub)
    _fsub1                                   0x0800271f   Thumb Code     0  faddsub_clz.o(x$fpl$fsub)
    x$fpl$funder                             0x08002834   Section      134  funder.o(x$fpl$funder)
    x$fpl$retnan                             0x080028ba   Section      100  retnan.o(x$fpl$retnan)
    x$fpl$trapveneer                         0x0800291e   Section       48  trapv.o(x$fpl$trapveneer)
    x$fpl$usenofp                            0x0800294e   Section        0  usenofp.o(x$fpl$usenofp)
    .data                                    0x20000000   Section       40  main.o(.data)
    .data                                    0x20000028   Section       20  system_stm32f10x.o(.data)
    .data                                    0x2000003c   Section       20  stm32f10x_rcc.o(.data)
    APBAHBPrescTable                         0x2000003c   Data          16  stm32f10x_rcc.o(.data)
    ADCPrescTable                            0x2000004c   Data           4  stm32f10x_rcc.o(.data)
    .data                                    0x20000050   Section        4  delay.o(.data)
    fac_us                                   0x20000050   Data           1  delay.o(.data)
    fac_ms                                   0x20000052   Data           2  delay.o(.data)
    .bss                                     0x20000054   Section      120  main.o(.bss)
    .bss                                     0x200000cc   Section       96  libspace.o(.bss)
    HEAP                                     0x20000130   Section      512  startup_stm32f10x_hd.o(HEAP)
    Heap_Mem                                 0x20000130   Data         512  startup_stm32f10x_hd.o(HEAP)
    STACK                                    0x20000330   Section     1024  startup_stm32f10x_hd.o(STACK)
    Stack_Mem                                0x20000330   Data        1024  startup_stm32f10x_hd.o(STACK)
    __initial_sp                             0x20000730   Data           0  startup_stm32f10x_hd.o(STACK)

    Global Symbols

    Symbol Name                              Value     Ov Type        Size  Object(Section)

    BuildAttributes$$THM_ISAv4$P$D$K$B$S$PE$A:L22UL41UL21$X:L11$S22US41US21$IEEE1$IW$USESV6$~STKCKD$USESV7$~SHL$OSPACE$ROPI$EBA8$UX$STANDARDLIB$REQ8$PRES8$EABIv2 0x00000000   Number         0  anon$$obj.o ABSOLUTE
    __ARM_use_no_argv                        0x00000000   Number         0  main.o ABSOLUTE
    __ARM_exceptions_init                     - Undefined Weak Reference
    __alloca_initialize                       - Undefined Weak Reference
    __cpp_initialize__aeabi_                  - Undefined Weak Reference
    __cxa_finalize                            - Undefined Weak Reference
    __fpl_infinity                            - Undefined Weak Reference
    __rt_locale                               - Undefined Weak Reference
    __sigvec_lookup                           - Undefined Weak Reference
    _atexit_init                              - Undefined Weak Reference
    _call_atexit_fns                          - Undefined Weak Reference
    _clock_init                               - Undefined Weak Reference
    _fp_trap_init                             - Undefined Weak Reference
    _fp_trap_shutdown                         - Undefined Weak Reference
    _get_lc_collate                           - Undefined Weak Reference
    _get_lc_ctype                             - Undefined Weak Reference
    _get_lc_monetary                          - Undefined Weak Reference
    _get_lc_numeric                           - Undefined Weak Reference
    _get_lc_time                              - Undefined Weak Reference
    _getenv_init                              - Undefined Weak Reference
    _handle_redirection                       - Undefined Weak Reference
    _init_alloc                               - Undefined Weak Reference
    _init_user_alloc                          - Undefined Weak Reference
    _initio                                   - Undefined Weak Reference
    _rand_init                                - Undefined Weak Reference
    _signal_finish                            - Undefined Weak Reference
    _signal_init                              - Undefined Weak Reference
    _terminate_alloc                          - Undefined Weak Reference
    _terminate_user_alloc                     - Undefined Weak Reference
    _terminateio                              - Undefined Weak Reference
    __Vectors_Size                           0x00000130   Number         0  startup_stm32f10x_hd.o ABSOLUTE
    __Vectors                                0x08000000   Data           4  startup_stm32f10x_hd.o(RESET)
    __Vectors_End                            0x08000130   Data           0  startup_stm32f10x_hd.o(RESET)
    __main                                   0x08000131   Thumb Code     8  __main.o(!!!main)
    __scatterload                            0x08000139   Thumb Code     0  __scatter.o(!!!scatter)
    __scatterload_rt2                        0x08000139   Thumb Code    44  __scatter.o(!!!scatter)
    __scatterload_rt2_thumb_only             0x08000139   Thumb Code     0  __scatter.o(!!!scatter)
    __scatterload_null                       0x08000147   Thumb Code     0  __scatter.o(!!!scatter)
    __scatterload_copy                       0x0800016d   Thumb Code    26  __scatter_copy.o(!!handler_copy)
    __scatterload_zeroinit                   0x08000189   Thumb Code    28  __scatter_zi.o(!!handler_zi)
    __rt_lib_init                            0x080001a5   Thumb Code     0  libinit.o(.ARM.Collect$$libinit$$00000000)
    __rt_lib_init_alloca_1                   0x080001ab   Thumb Code     0  libinit2.o(.ARM.Collect$$libinit$$0000002A)
    __rt_lib_init_argv_1                     0x080001ab   Thumb Code     0  libinit2.o(.ARM.Collect$$libinit$$00000028)
    __rt_lib_init_atexit_1                   0x080001ab   Thumb Code     0  libinit2.o(.ARM.Collect$$libinit$$00000017)
    __rt_lib_init_clock_1                    0x080001ab   Thumb Code     0  libinit2.o(.ARM.Collect$$libinit$$0000001D)
    __rt_lib_init_cpp_1                      0x080001ab   Thumb Code     0  libinit2.o(.ARM.Collect$$libinit$$0000002E)
    __rt_lib_init_exceptions_1               0x080001ab   Thumb Code     0  libinit2.o(.ARM.Collect$$libinit$$0000002C)
    __rt_lib_init_fp_trap_1                  0x080001ab   Thumb Code     0  libinit2.o(.ARM.Collect$$libinit$$0000001B)
    __rt_lib_init_getenv_1                   0x080001ab   Thumb Code     0  libinit2.o(.ARM.Collect$$libinit$$0000001F)
    __rt_lib_init_heap_1                     0x080001ab   Thumb Code     0  libinit2.o(.ARM.Collect$$libinit$$00000006)
    __rt_lib_init_lc_collate_1               0x080001ab   Thumb Code     0  libinit2.o(.ARM.Collect$$libinit$$0000000D)
    __rt_lib_init_lc_ctype_1                 0x080001ab   Thumb Code     0  libinit2.o(.ARM.Collect$$libinit$$0000000F)
    __rt_lib_init_lc_monetary_1              0x080001ab   Thumb Code     0  libinit2.o(.ARM.Collect$$libinit$$00000011)
    __rt_lib_init_lc_numeric_1               0x080001ab   Thumb Code     0  libinit2.o(.ARM.Collect$$libinit$$00000013)
    __rt_lib_init_lc_time_1                  0x080001ab   Thumb Code     0  libinit2.o(.ARM.Collect$$libinit$$00000015)
    __rt_lib_init_rand_1                     0x080001ab   Thumb Code     0  libinit2.o(.ARM.Collect$$libinit$$0000000A)
    __rt_lib_init_return                     0x080001ab   Thumb Code     0  libinit2.o(.ARM.Collect$$libinit$$0000002F)
    __rt_lib_init_signal_1                   0x080001ab   Thumb Code     0  libinit2.o(.ARM.Collect$$libinit$$00000019)
    __rt_lib_init_stdio_1                    0x080001ab   Thumb Code     0  libinit2.o(.ARM.Collect$$libinit$$00000021)
    __rt_lib_init_user_alloc_1               0x080001ab   Thumb Code     0  libinit2.o(.ARM.Collect$$libinit$$00000008)
    __rt_lib_shutdown                        0x080001ad   Thumb Code     0  libshutdown.o(.ARM.Collect$$libshutdown$$00000000)
    __rt_lib_shutdown_fp_trap_1              0x080001af   Thumb Code     0  libshutdown2.o(.ARM.Collect$$libshutdown$$00000006)
    __rt_lib_shutdown_heap_1                 0x080001af   Thumb Code     0  libshutdown2.o(.ARM.Collect$$libshutdown$$0000000E)
    __rt_lib_shutdown_return                 0x080001af   Thumb Code     0  libshutdown2.o(.ARM.Collect$$libshutdown$$0000000F)
    __rt_lib_shutdown_signal_1               0x080001af   Thumb Code     0  libshutdown2.o(.ARM.Collect$$libshutdown$$00000009)
    __rt_lib_shutdown_stdio_1                0x080001af   Thumb Code     0  libshutdown2.o(.ARM.Collect$$libshutdown$$00000003)
    __rt_lib_shutdown_user_alloc_1           0x080001af   Thumb Code     0  libshutdown2.o(.ARM.Collect$$libshutdown$$0000000B)
    __rt_entry                               0x080001b1   Thumb Code     0  rtentry.o(.ARM.Collect$$rtentry$$00000000)
    __rt_entry_presh_1                       0x080001b1   Thumb Code     0  rtentry2.o(.ARM.Collect$$rtentry$$00000002)
    __rt_entry_sh                            0x080001b1   Thumb Code     0  rtentry4.o(.ARM.Collect$$rtentry$$00000004)
    __rt_entry_li                            0x080001b7   Thumb Code     0  rtentry2.o(.ARM.Collect$$rtentry$$0000000A)
    __rt_entry_postsh_1                      0x080001b7   Thumb Code     0  rtentry2.o(.ARM.Collect$$rtentry$$00000009)
    __rt_entry_main                          0x080001bb   Thumb Code     0  rtentry2.o(.ARM.Collect$$rtentry$$0000000D)
    __rt_entry_postli_1                      0x080001bb   Thumb Code     0  rtentry2.o(.ARM.Collect$$rtentry$$0000000C)
    __rt_exit                                0x080001c3   Thumb Code     0  rtexit.o(.ARM.Collect$$rtexit$$00000000)
    __rt_exit_ls                             0x080001c3   Thumb Code     0  rtexit2.o(.ARM.Collect$$rtexit$$00000003)
    __rt_exit_prels_1                        0x080001c3   Thumb Code     0  rtexit2.o(.ARM.Collect$$rtexit$$00000002)
    __rt_exit_exit                           0x080001c7   Thumb Code     0  rtexit2.o(.ARM.Collect$$rtexit$$00000004)
    TIM3_IRQHandler                          0x080001cd   Thumb Code   314  main.o(.text)
    TIM4_IRQHandler                          0x08000307   Thumb Code   314  main.o(.text)
    TIM5_IRQHandler                          0x08000441   Thumb Code   166  main.o(.text)
    delay_quartersecond                      0x080004e7   Thumb Code    24  main.o(.text)
    smooth                                   0x080004ff   Thumb Code    80  main.o(.text)
    rough                                    0x0800054f   Thumb Code    34  main.o(.text)
    test                                     0x08000571   Thumb Code    44  main.o(.text)
    standsteady                              0x0800059d   Thumb Code   170  main.o(.text)
    forward                                  0x08000647   Thumb Code   322  main.o(.text)
    TIM3_Configuration                       0x08000789   Thumb Code   240  main.o(.text)
    NVIC_Configuration                       0x08000879   Thumb Code    96  main.o(.text)
    GPIO_Configuration                       0x080008d9   Thumb Code    92  main.o(.text)
    RCC_Configuration                        0x08000935   Thumb Code    36  main.o(.text)
    main                                     0x08000959   Thumb Code    42  main.o(.text)
    NMI_Handler                              0x080009d5   Thumb Code     2  stm32f10x_it.o(.text)
    HardFault_Handler                        0x080009d7   Thumb Code     4  stm32f10x_it.o(.text)
    MemManage_Handler                        0x080009db   Thumb Code     4  stm32f10x_it.o(.text)
    BusFault_Handler                         0x080009df   Thumb Code     4  stm32f10x_it.o(.text)
    UsageFault_Handler                       0x080009e3   Thumb Code     4  stm32f10x_it.o(.text)
    SVC_Handler                              0x080009e7   Thumb Code     2  stm32f10x_it.o(.text)
    DebugMon_Handler                         0x080009e9   Thumb Code     2  stm32f10x_it.o(.text)
    PendSV_Handler                           0x080009eb   Thumb Code     2  stm32f10x_it.o(.text)
    SysTick_Handler                          0x080009ed   Thumb Code     2  stm32f10x_it.o(.text)
    SystemInit                               0x08000ab9   Thumb Code    78  system_stm32f10x.o(.text)
    SystemCoreClockUpdate                    0x08000b07   Thumb Code   142  system_stm32f10x.o(.text)
    NVIC_PriorityGroupConfig                 0x08000bb9   Thumb Code    10  misc.o(.text)
    NVIC_Init                                0x08000bc3   Thumb Code   102  misc.o(.text)
    NVIC_SetVectorTable                      0x08000c29   Thumb Code    14  misc.o(.text)
    NVIC_SystemLPConfig                      0x08000c37   Thumb Code    38  misc.o(.text)
    SysTick_CLKSourceConfig                  0x08000c5d   Thumb Code    40  misc.o(.text)
    GPIO_DeInit                              0x08000c99   Thumb Code   172  stm32f10x_gpio.o(.text)
    GPIO_AFIODeInit                          0x08000d45   Thumb Code    20  stm32f10x_gpio.o(.text)
    GPIO_Init                                0x08000d59   Thumb Code   268  stm32f10x_gpio.o(.text)
    GPIO_StructInit                          0x08000e65   Thumb Code    16  stm32f10x_gpio.o(.text)
    GPIO_ReadInputDataBit                    0x08000e75   Thumb Code    18  stm32f10x_gpio.o(.text)
    GPIO_ReadInputData                       0x08000e87   Thumb Code     8  stm32f10x_gpio.o(.text)
    GPIO_ReadOutputDataBit                   0x08000e8f   Thumb Code    18  stm32f10x_gpio.o(.text)
    GPIO_ReadOutputData                      0x08000ea1   Thumb Code     8  stm32f10x_gpio.o(.text)
    GPIO_SetBits                             0x08000ea9   Thumb Code     4  stm32f10x_gpio.o(.text)
    GPIO_ResetBits                           0x08000ead   Thumb Code     4  stm32f10x_gpio.o(.text)
    GPIO_WriteBit                            0x08000eb1   Thumb Code    10  stm32f10x_gpio.o(.text)
    GPIO_Write                               0x08000ebb   Thumb Code     4  stm32f10x_gpio.o(.text)
    GPIO_PinLockConfig                       0x08000ebf   Thumb Code    18  stm32f10x_gpio.o(.text)
    GPIO_EventOutputConfig                   0x08000ed1   Thumb Code    24  stm32f10x_gpio.o(.text)
    GPIO_EventOutputCmd                      0x08000ee9   Thumb Code     6  stm32f10x_gpio.o(.text)
    GPIO_PinRemapConfig                      0x08000eef   Thumb Code   136  stm32f10x_gpio.o(.text)
    GPIO_EXTILineConfig                      0x08000f77   Thumb Code    60  stm32f10x_gpio.o(.text)
    GPIO_ETH_MediaInterfaceConfig            0x08000fb3   Thumb Code     8  stm32f10x_gpio.o(.text)
    TIM_DeInit                               0x08000fe1   Thumb Code   424  stm32f10x_tim.o(.text)
    TIM_TimeBaseInit                         0x08001189   Thumb Code   122  stm32f10x_tim.o(.text)
    TIM_OC1Init                              0x08001203   Thumb Code   132  stm32f10x_tim.o(.text)
    TIM_OC2Init                              0x08001287   Thumb Code   146  stm32f10x_tim.o(.text)
    TIM_OC3Init                              0x08001319   Thumb Code   142  stm32f10x_tim.o(.text)
    TIM_OC4Init                              0x080013a7   Thumb Code   172  stm32f10x_tim.o(.text)
    TIM_SetIC4Prescaler                      0x08001453   Thumb Code    22  stm32f10x_tim.o(.text)
    TIM_SetIC3Prescaler                      0x080014db   Thumb Code    18  stm32f10x_tim.o(.text)
    TIM_SetIC2Prescaler                      0x0800155b   Thumb Code    22  stm32f10x_tim.o(.text)
    TIM_SetIC1Prescaler                      0x080015e3   Thumb Code    18  stm32f10x_tim.o(.text)
    TIM_ICInit                               0x0800165b   Thumb Code   150  stm32f10x_tim.o(.text)
    TIM_PWMIConfig                           0x080016f1   Thumb Code   124  stm32f10x_tim.o(.text)
    TIM_BDTRConfig                           0x0800176d   Thumb Code    32  stm32f10x_tim.o(.text)
    TIM_TimeBaseStructInit                   0x0800178d   Thumb Code    18  stm32f10x_tim.o(.text)
    TIM_OCStructInit                         0x0800179f   Thumb Code    20  stm32f10x_tim.o(.text)
    TIM_ICStructInit                         0x080017b3   Thumb Code    18  stm32f10x_tim.o(.text)
    TIM_BDTRStructInit                       0x080017c5   Thumb Code    18  stm32f10x_tim.o(.text)
    TIM_Cmd                                  0x080017d7   Thumb Code    24  stm32f10x_tim.o(.text)
    TIM_CtrlPWMOutputs                       0x080017ef   Thumb Code    50  stm32f10x_tim.o(.text)
    TIM_ITConfig                             0x08001821   Thumb Code    24  stm32f10x_tim.o(.text)
    TIM_GenerateEvent                        0x08001839   Thumb Code     4  stm32f10x_tim.o(.text)
    TIM_DMAConfig                            0x0800183d   Thumb Code    10  stm32f10x_tim.o(.text)
    TIM_DMACmd                               0x08001847   Thumb Code    24  stm32f10x_tim.o(.text)
    TIM_InternalClockConfig                  0x0800185f   Thumb Code    12  stm32f10x_tim.o(.text)
    TIM_SelectInputTrigger                   0x0800186b   Thumb Code    16  stm32f10x_tim.o(.text)
    TIM_ITRxExternalClockConfig              0x0800187b   Thumb Code    24  stm32f10x_tim.o(.text)
    TIM_TIxExternalClockConfig               0x08001893   Thumb Code    62  stm32f10x_tim.o(.text)
    TIM_ETRConfig                            0x080018d1   Thumb Code    22  stm32f10x_tim.o(.text)
    TIM_ETRClockMode1Config                  0x080018e7   Thumb Code    54  stm32f10x_tim.o(.text)
    TIM_ETRClockMode2Config                  0x0800191d   Thumb Code    32  stm32f10x_tim.o(.text)
    TIM_PrescalerConfig                      0x0800193d   Thumb Code     6  stm32f10x_tim.o(.text)
    TIM_CounterModeConfig                    0x08001943   Thumb Code    16  stm32f10x_tim.o(.text)
    TIM_EncoderInterfaceConfig               0x08001953   Thumb Code    56  stm32f10x_tim.o(.text)
    TIM_ForcedOC1Config                      0x0800198b   Thumb Code    16  stm32f10x_tim.o(.text)
    TIM_ForcedOC2Config                      0x0800199b   Thumb Code    20  stm32f10x_tim.o(.text)
    TIM_ForcedOC3Config                      0x080019af   Thumb Code    16  stm32f10x_tim.o(.text)
    TIM_ForcedOC4Config                      0x080019bf   Thumb Code    20  stm32f10x_tim.o(.text)
    TIM_ARRPreloadConfig                     0x080019d3   Thumb Code    24  stm32f10x_tim.o(.text)
    TIM_SelectCOM                            0x080019eb   Thumb Code    24  stm32f10x_tim.o(.text)
    TIM_SelectCCDMA                          0x08001a03   Thumb Code    24  stm32f10x_tim.o(.text)
    TIM_CCPreloadControl                     0x08001a1b   Thumb Code    24  stm32f10x_tim.o(.text)
    TIM_OC1PreloadConfig                     0x08001a33   Thumb Code    16  stm32f10x_tim.o(.text)
    TIM_OC2PreloadConfig                     0x08001a43   Thumb Code    20  stm32f10x_tim.o(.text)
    TIM_OC3PreloadConfig                     0x08001a57   Thumb Code    16  stm32f10x_tim.o(.text)
    TIM_OC4PreloadConfig                     0x08001a67   Thumb Code    20  stm32f10x_tim.o(.text)
    TIM_OC1FastConfig                        0x08001a7b   Thumb Code    16  stm32f10x_tim.o(.text)
    TIM_OC2FastConfig                        0x08001a8b   Thumb Code    20  stm32f10x_tim.o(.text)
    TIM_OC3FastConfig                        0x08001a9f   Thumb Code    16  stm32f10x_tim.o(.text)
    TIM_OC4FastConfig                        0x08001aaf   Thumb Code    20  stm32f10x_tim.o(.text)
    TIM_ClearOC1Ref                          0x08001ac3   Thumb Code    16  stm32f10x_tim.o(.text)
    TIM_ClearOC2Ref                          0x08001ad3   Thumb Code    18  stm32f10x_tim.o(.text)
    TIM_ClearOC3Ref                          0x08001ae5   Thumb Code    16  stm32f10x_tim.o(.text)
    TIM_ClearOC4Ref                          0x08001af5   Thumb Code    18  stm32f10x_tim.o(.text)
    TIM_OC1PolarityConfig                    0x08001b07   Thumb Code    16  stm32f10x_tim.o(.text)
    TIM_OC1NPolarityConfig                   0x08001b17   Thumb Code    16  stm32f10x_tim.o(.text)
    TIM_OC2PolarityConfig                    0x08001b27   Thumb Code    20  stm32f10x_tim.o(.text)
    TIM_OC2NPolarityConfig                   0x08001b3b   Thumb Code    20  stm32f10x_tim.o(.text)
    TIM_OC3PolarityConfig                    0x08001b4f   Thumb Code    20  stm32f10x_tim.o(.text)
    TIM_OC3NPolarityConfig                   0x08001b63   Thumb Code    20  stm32f10x_tim.o(.text)
    TIM_OC4PolarityConfig                    0x08001b77   Thumb Code    20  stm32f10x_tim.o(.text)
    TIM_CCxCmd                               0x08001b8b   Thumb Code    34  stm32f10x_tim.o(.text)
    TIM_CCxNCmd                              0x08001bad   Thumb Code    34  stm32f10x_tim.o(.text)
    TIM_SelectOCxM                           0x08001bcf   Thumb Code    82  stm32f10x_tim.o(.text)
    TIM_UpdateDisableConfig                  0x08001c21   Thumb Code    24  stm32f10x_tim.o(.text)
    TIM_UpdateRequestConfig                  0x08001c39   Thumb Code    24  stm32f10x_tim.o(.text)
    TIM_SelectHallSensor                     0x08001c51   Thumb Code    24  stm32f10x_tim.o(.text)
    TIM_SelectOnePulseMode                   0x08001c69   Thumb Code    18  stm32f10x_tim.o(.text)
    TIM_SelectOutputTrigger                  0x08001c7b   Thumb Code    18  stm32f10x_tim.o(.text)
    TIM_SelectSlaveMode                      0x08001c8d   Thumb Code    18  stm32f10x_tim.o(.text)
    TIM_SelectMasterSlaveMode                0x08001c9f   Thumb Code    18  stm32f10x_tim.o(.text)
    TIM_SetCounter                           0x08001cb1   Thumb Code     4  stm32f10x_tim.o(.text)
    TIM_SetAutoreload                        0x08001cb5   Thumb Code     4  stm32f10x_tim.o(.text)
    TIM_SetCompare1                          0x08001cb9   Thumb Code     4  stm32f10x_tim.o(.text)
    TIM_SetCompare2                          0x08001cbd   Thumb Code     4  stm32f10x_tim.o(.text)
    TIM_SetCompare3                          0x08001cc1   Thumb Code     4  stm32f10x_tim.o(.text)
    TIM_SetCompare4                          0x08001cc5   Thumb Code     6  stm32f10x_tim.o(.text)
    TIM_SetClockDivision                     0x08001ccb   Thumb Code    18  stm32f10x_tim.o(.text)
    TIM_GetCapture1                          0x08001cdd   Thumb Code     6  stm32f10x_tim.o(.text)
    TIM_GetCapture2                          0x08001ce3   Thumb Code     6  stm32f10x_tim.o(.text)
    TIM_GetCapture3                          0x08001ce9   Thumb Code     6  stm32f10x_tim.o(.text)
    TIM_GetCapture4                          0x08001cef   Thumb Code     8  stm32f10x_tim.o(.text)
    TIM_GetCounter                           0x08001cf7   Thumb Code     6  stm32f10x_tim.o(.text)
    TIM_GetPrescaler                         0x08001cfd   Thumb Code     6  stm32f10x_tim.o(.text)
    TIM_GetFlagStatus                        0x08001d03   Thumb Code    18  stm32f10x_tim.o(.text)
    TIM_ClearFlag                            0x08001d15   Thumb Code     6  stm32f10x_tim.o(.text)
    TIM_GetITStatus                          0x08001d1b   Thumb Code    34  stm32f10x_tim.o(.text)
    TIM_ClearITPendingBit                    0x08001d3d   Thumb Code     6  stm32f10x_tim.o(.text)
    RCC_DeInit                               0x08001d45   Thumb Code    64  stm32f10x_rcc.o(.text)
    RCC_HSEConfig                            0x08001d85   Thumb Code    70  stm32f10x_rcc.o(.text)
    RCC_GetFlagStatus                        0x08001dcb   Thumb Code    56  stm32f10x_rcc.o(.text)
    RCC_WaitForHSEStartUp                    0x08001e03   Thumb Code    48  stm32f10x_rcc.o(.text)
    RCC_AdjustHSICalibrationValue            0x08001e33   Thumb Code    18  stm32f10x_rcc.o(.text)
    RCC_HSICmd                               0x08001e45   Thumb Code     6  stm32f10x_rcc.o(.text)
    RCC_PLLConfig                            0x08001e4b   Thumb Code    22  stm32f10x_rcc.o(.text)
    RCC_PLLCmd                               0x08001e61   Thumb Code     6  stm32f10x_rcc.o(.text)
    RCC_SYSCLKConfig                         0x08001e67   Thumb Code    16  stm32f10x_rcc.o(.text)
    RCC_GetSYSCLKSource                      0x08001e77   Thumb Code    10  stm32f10x_rcc.o(.text)
    RCC_HCLKConfig                           0x08001e81   Thumb Code    16  stm32f10x_rcc.o(.text)
    RCC_PCLK1Config                          0x08001e91   Thumb Code    16  stm32f10x_rcc.o(.text)
    RCC_PCLK2Config                          0x08001ea1   Thumb Code    18  stm32f10x_rcc.o(.text)
    RCC_ITConfig                             0x08001eb3   Thumb Code    30  stm32f10x_rcc.o(.text)
    RCC_USBCLKConfig                         0x08001ed1   Thumb Code     8  stm32f10x_rcc.o(.text)
    RCC_ADCCLKConfig                         0x08001ed9   Thumb Code    16  stm32f10x_rcc.o(.text)
    RCC_LSEConfig                            0x08001ee9   Thumb Code    50  stm32f10x_rcc.o(.text)
    RCC_LSICmd                               0x08001f1b   Thumb Code     6  stm32f10x_rcc.o(.text)
    RCC_RTCCLKConfig                         0x08001f21   Thumb Code    12  stm32f10x_rcc.o(.text)
    RCC_RTCCLKCmd                            0x08001f2d   Thumb Code     8  stm32f10x_rcc.o(.text)
    RCC_GetClocksFreq                        0x08001f35   Thumb Code   194  stm32f10x_rcc.o(.text)
    RCC_AHBPeriphClockCmd                    0x08001ff7   Thumb Code    26  stm32f10x_rcc.o(.text)
    RCC_APB2PeriphClockCmd                   0x08002011   Thumb Code    26  stm32f10x_rcc.o(.text)
    RCC_APB1PeriphClockCmd                   0x0800202b   Thumb Code    26  stm32f10x_rcc.o(.text)
    RCC_APB2PeriphResetCmd                   0x08002045   Thumb Code    26  stm32f10x_rcc.o(.text)
    RCC_APB1PeriphResetCmd                   0x0800205f   Thumb Code    26  stm32f10x_rcc.o(.text)
    RCC_BackupResetCmd                       0x08002079   Thumb Code     8  stm32f10x_rcc.o(.text)
    RCC_ClockSecuritySystemCmd               0x08002081   Thumb Code     6  stm32f10x_rcc.o(.text)
    RCC_MCOConfig                            0x08002087   Thumb Code     6  stm32f10x_rcc.o(.text)
    RCC_ClearFlag                            0x0800208d   Thumb Code    14  stm32f10x_rcc.o(.text)
    RCC_GetITStatus                          0x0800209b   Thumb Code    20  stm32f10x_rcc.o(.text)
    RCC_ClearITPendingBit                    0x080020af   Thumb Code     6  stm32f10x_rcc.o(.text)
    delay_init                               0x080020d5   Thumb Code    46  delay.o(.text)
    delay_ms                                 0x08002103   Thumb Code    54  delay.o(.text)
    delay_us                                 0x08002139   Thumb Code    52  delay.o(.text)
    Reset_Handler                            0x08002171   Thumb Code     8  startup_stm32f10x_hd.o(.text)
    ADC1_2_IRQHandler                        0x0800218b   Thumb Code     0  startup_stm32f10x_hd.o(.text)
    ADC3_IRQHandler                          0x0800218b   Thumb Code     0  startup_stm32f10x_hd.o(.text)
    CAN1_RX1_IRQHandler                      0x0800218b   Thumb Code     0  startup_stm32f10x_hd.o(.text)
    CAN1_SCE_IRQHandler                      0x0800218b   Thumb Code     0  startup_stm32f10x_hd.o(.text)
    DMA1_Channel1_IRQHandler                 0x0800218b   Thumb Code     0  startup_stm32f10x_hd.o(.text)
    DMA1_Channel2_IRQHandler                 0x0800218b   Thumb Code     0  startup_stm32f10x_hd.o(.text)
    DMA1_Channel3_IRQHandler                 0x0800218b   Thumb Code     0  startup_stm32f10x_hd.o(.text)
    DMA1_Channel4_IRQHandler                 0x0800218b   Thumb Code     0  startup_stm32f10x_hd.o(.text)
    DMA1_Channel5_IRQHandler                 0x0800218b   Thumb Code     0  startup_stm32f10x_hd.o(.text)
    DMA1_Channel6_IRQHandler                 0x0800218b   Thumb Code     0  startup_stm32f10x_hd.o(.text)
    DMA1_Channel7_IRQHandler                 0x0800218b   Thumb Code     0  startup_stm32f10x_hd.o(.text)
    DMA2_Channel1_IRQHandler                 0x0800218b   Thumb Code     0  startup_stm32f10x_hd.o(.text)
    DMA2_Channel2_IRQHandler                 0x0800218b   Thumb Code     0  startup_stm32f10x_hd.o(.text)
    DMA2_Channel3_IRQHandler                 0x0800218b   Thumb Code     0  startup_stm32f10x_hd.o(.text)
    DMA2_Channel4_5_IRQHandler               0x0800218b   Thumb Code     0  startup_stm32f10x_hd.o(.text)
    EXTI0_IRQHandler                         0x0800218b   Thumb Code     0  startup_stm32f10x_hd.o(.text)
    EXTI15_10_IRQHandler                     0x0800218b   Thumb Code     0  startup_stm32f10x_hd.o(.text)
    EXTI1_IRQHandler                         0x0800218b   Thumb Code     0  startup_stm32f10x_hd.o(.text)
    EXTI2_IRQHandler                         0x0800218b   Thumb Code     0  startup_stm32f10x_hd.o(.text)
    EXTI3_IRQHandler                         0x0800218b   Thumb Code     0  startup_stm32f10x_hd.o(.text)
    EXTI4_IRQHandler                         0x0800218b   Thumb Code     0  startup_stm32f10x_hd.o(.text)
    EXTI9_5_IRQHandler                       0x0800218b   Thumb Code     0  startup_stm32f10x_hd.o(.text)
    FLASH_IRQHandler                         0x0800218b   Thumb Code     0  startup_stm32f10x_hd.o(.text)
    FSMC_IRQHandler                          0x0800218b   Thumb Code     0  startup_stm32f10x_hd.o(.text)
    I2C1_ER_IRQHandler                       0x0800218b   Thumb Code     0  startup_stm32f10x_hd.o(.text)
    I2C1_EV_IRQHandler                       0x0800218b   Thumb Code     0  startup_stm32f10x_hd.o(.text)
    I2C2_ER_IRQHandler                       0x0800218b   Thumb Code     0  startup_stm32f10x_hd.o(.text)
    I2C2_EV_IRQHandler                       0x0800218b   Thumb Code     0  startup_stm32f10x_hd.o(.text)
    PVD_IRQHandler                           0x0800218b   Thumb Code     0  startup_stm32f10x_hd.o(.text)
    RCC_IRQHandler                           0x0800218b   Thumb Code     0  startup_stm32f10x_hd.o(.text)
    RTCAlarm_IRQHandler                      0x0800218b   Thumb Code     0  startup_stm32f10x_hd.o(.text)
    RTC_IRQHandler                           0x0800218b   Thumb Code     0  startup_stm32f10x_hd.o(.text)
    SDIO_IRQHandler                          0x0800218b   Thumb Code     0  startup_stm32f10x_hd.o(.text)
    SPI1_IRQHandler                          0x0800218b   Thumb Code     0  startup_stm32f10x_hd.o(.text)
    SPI2_IRQHandler                          0x0800218b   Thumb Code     0  startup_stm32f10x_hd.o(.text)
    SPI3_IRQHandler                          0x0800218b   Thumb Code     0  startup_stm32f10x_hd.o(.text)
    TAMPER_IRQHandler                        0x0800218b   Thumb Code     0  startup_stm32f10x_hd.o(.text)
    TIM1_BRK_IRQHandler                      0x0800218b   Thumb Code     0  startup_stm32f10x_hd.o(.text)
    TIM1_CC_IRQHandler                       0x0800218b   Thumb Code     0  startup_stm32f10x_hd.o(.text)
    TIM1_TRG_COM_IRQHandler                  0x0800218b   Thumb Code     0  startup_stm32f10x_hd.o(.text)
    TIM1_UP_IRQHandler                       0x0800218b   Thumb Code     0  startup_stm32f10x_hd.o(.text)
    TIM2_IRQHandler                          0x0800218b   Thumb Code     0  startup_stm32f10x_hd.o(.text)
    TIM6_IRQHandler                          0x0800218b   Thumb Code     0  startup_stm32f10x_hd.o(.text)
    TIM7_IRQHandler                          0x0800218b   Thumb Code     0  startup_stm32f10x_hd.o(.text)
    TIM8_BRK_IRQHandler                      0x0800218b   Thumb Code     0  startup_stm32f10x_hd.o(.text)
    TIM8_CC_IRQHandler                       0x0800218b   Thumb Code     0  startup_stm32f10x_hd.o(.text)
    TIM8_TRG_COM_IRQHandler                  0x0800218b   Thumb Code     0  startup_stm32f10x_hd.o(.text)
    TIM8_UP_IRQHandler                       0x0800218b   Thumb Code     0  startup_stm32f10x_hd.o(.text)
    UART4_IRQHandler                         0x0800218b   Thumb Code     0  startup_stm32f10x_hd.o(.text)
    UART5_IRQHandler                         0x0800218b   Thumb Code     0  startup_stm32f10x_hd.o(.text)
    USART1_IRQHandler                        0x0800218b   Thumb Code     0  startup_stm32f10x_hd.o(.text)
    USART2_IRQHandler                        0x0800218b   Thumb Code     0  startup_stm32f10x_hd.o(.text)
    USART3_IRQHandler                        0x0800218b   Thumb Code     0  startup_stm32f10x_hd.o(.text)
    USBWakeUp_IRQHandler                     0x0800218b   Thumb Code     0  startup_stm32f10x_hd.o(.text)
    USB_HP_CAN1_TX_IRQHandler                0x0800218b   Thumb Code     0  startup_stm32f10x_hd.o(.text)
    USB_LP_CAN1_RX0_IRQHandler               0x0800218b   Thumb Code     0  startup_stm32f10x_hd.o(.text)
    WWDG_IRQHandler                          0x0800218b   Thumb Code     0  startup_stm32f10x_hd.o(.text)
    __user_initial_stackheap                 0x0800218d   Thumb Code     0  startup_stm32f10x_hd.o(.text)
    __use_two_region_memory                  0x080021b1   Thumb Code     2  heapauxi.o(.text)
    __rt_heap_escrow$2region                 0x080021b3   Thumb Code     2  heapauxi.o(.text)
    __rt_heap_expand$2region                 0x080021b5   Thumb Code     2  heapauxi.o(.text)
    __user_setup_stackheap                   0x080021b7   Thumb Code    74  sys_stackheap_outer.o(.text)
    exit                                     0x08002201   Thumb Code    12  exit.o(.text)
    __user_libspace                          0x0800220d   Thumb Code     8  libspace.o(.text)
    __user_perproc_libspace                  0x0800220d   Thumb Code     0  libspace.o(.text)
    __user_perthread_libspace                0x0800220d   Thumb Code     0  libspace.o(.text)
    _sys_exit                                0x08002215   Thumb Code    16  sys_exit.o(.text)
    __I$use$semihosting                      0x08002229   Thumb Code     0  use_no_semi.o(.text)
    __use_no_semihosting_swi                 0x08002229   Thumb Code     2  use_no_semi.o(.text)
    __aeabi_fadd                             0x0800222d   Thumb Code     0  faddsub_clz.o(x$fpl$fadd)
    _fadd                                    0x0800222d   Thumb Code   248  faddsub_clz.o(x$fpl$fadd)
    __fpl_inf_fadd                           0x08002307   Thumb Code     0  faddsub_clz.o(x$fpl$fadd)
    __fpl_fcheck_NaN2                        0x0800232d   Thumb Code     6  fcheck.o(x$fpl$fcheck)
    __fpl_fcheck_NaN1                        0x08002339   Thumb Code     6  fcheck1.o(x$fpl$fcheck1)
    __aeabi_fdiv                             0x08002345   Thumb Code     0  fdiv.o(x$fpl$fdiv)
    _fdiv                                    0x08002345   Thumb Code   476  fdiv.o(x$fpl$fdiv)
    __fpl_inf_fdiv                           0x080024e9   Thumb Code     0  fdiv.o(x$fpl$fdiv)
    __aeabi_f2uiz                            0x08002529   Thumb Code     0  ffixu.o(x$fpl$ffixu)
    _ffixu                                   0x08002529   Thumb Code    82  ffixu.o(x$fpl$ffixu)
    __fpl_inf_ffixu                          0x08002575   Thumb Code     0  ffixu.o(x$fpl$ffixu)
    __aeabi_i2f                              0x08002581   Thumb Code     0  fflt_clz.o(x$fpl$fflt)
    _fflt                                    0x08002581   Thumb Code    50  fflt_clz.o(x$fpl$fflt)
    __fflt_normalise                         0x0800258d   Thumb Code     0  fflt_clz.o(x$fpl$fflt)
    __aeabi_ui2f                             0x080025b3   Thumb Code     0  fflt_clz.o(x$fpl$ffltu)
    _ffltu                                   0x080025b3   Thumb Code     8  fflt_clz.o(x$fpl$ffltu)
    __aeabi_fmul                             0x080025bd   Thumb Code     0  fmul.o(x$fpl$fmul)
    _fmul                                    0x080025bd   Thumb Code   258  fmul.o(x$fpl$fmul)
    __fpl_inf_fmul                           0x080026a9   Thumb Code     0  fmul.o(x$fpl$fmul)
    __fpl_normalise2                         0x080026c5   Thumb Code    74  fnorm2_clz.o(x$fpl$fnorm2)
    __aeabi_fsub                             0x08002711   Thumb Code     0  faddsub_clz.o(x$fpl$fsub)
    _fsub                                    0x08002711   Thumb Code   282  faddsub_clz.o(x$fpl$fsub)
    __fpl_inf_fsub                           0x0800280b   Thumb Code     0  faddsub_clz.o(x$fpl$fsub)
    __funder                                 0x08002835   Thumb Code   132  funder.o(x$fpl$funder)
    __funder_d                               0x080028b9   Thumb Code     2  funder.o(x$fpl$funder)
    __fpl_return_NaN                         0x080028bb   Thumb Code   100  retnan.o(x$fpl$retnan)
    __fpl_cmpreturn                          0x0800291f   Thumb Code    48  trapv.o(x$fpl$trapveneer)
    __I$use$fp                               0x0800294f   Thumb Code     0  usenofp.o(x$fpl$usenofp)
    Region$$Table$$Base                      0x08002950   Number         0  anon$$obj.o(Region$$Table)
    Region$$Table$$Limit                     0x08002970   Number         0  anon$$obj.o(Region$$Table)
    init_angle                               0x20000000   Data          40  main.o(.data)
    SystemCoreClock                          0x20000028   Data           4  system_stm32f10x.o(.data)
    AHBPrescTable                            0x2000002c   Data          16  system_stm32f10x.o(.data)
    current_angle                            0x20000054   Data          40  main.o(.bss)
    delta_angle                              0x2000007c   Data          40  main.o(.bss)
    left_step                                0x200000a4   Data          40  main.o(.bss)
    __libspace_start                         0x200000cc   Data          96  libspace.o(.bss)
    __temporary_stack_top$libspace           0x2000012c   Data           0  libspace.o(.bss)



==============================================================================

Memory Map of the image

  Image Entry point : 0x08002171

  Load Region LR_1 (Base: 0x08000000, Size: 0x000029c4, Max: 0xffffffff, ABSOLUTE)

    Execution Region ER_RO (Base: 0x08000000, Size: 0x00002970, Max: 0xffffffff, ABSOLUTE)

    Base Addr    Size         Type   Attr      Idx    E Section Name        Object

    0x08000000   0x00000130   Data   RO          388    RESET               startup_stm32f10x_hd.o
    0x08000130   0x00000008   Code   RO          397  * !!!main             __main.o(c_w.l)
    0x08000138   0x00000034   Code   RO          587    !!!scatter          __scatter.o(c_w.l)
    0x0800016c   0x0000001a   Code   RO          589    !!handler_copy      __scatter_copy.o(c_w.l)
    0x08000186   0x00000002   PAD
    0x08000188   0x0000001c   Code   RO          591    !!handler_zi        __scatter_zi.o(c_w.l)
    0x080001a4   0x00000006   Code   RO          460    .ARM.Collect$$libinit$$00000000  libinit.o(c_w.l)
    0x080001aa   0x00000000   Code   RO          470    .ARM.Collect$$libinit$$00000006  libinit2.o(c_w.l)
    0x080001aa   0x00000000   Code   RO          472    .ARM.Collect$$libinit$$00000008  libinit2.o(c_w.l)
    0x080001aa   0x00000000   Code   RO          474    .ARM.Collect$$libinit$$0000000A  libinit2.o(c_w.l)
    0x080001aa   0x00000000   Code   RO          477    .ARM.Collect$$libinit$$0000000D  libinit2.o(c_w.l)
    0x080001aa   0x00000000   Code   RO          479    .ARM.Collect$$libinit$$0000000F  libinit2.o(c_w.l)
    0x080001aa   0x00000000   Code   RO          481    .ARM.Collect$$libinit$$00000011  libinit2.o(c_w.l)
    0x080001aa   0x00000000   Code   RO          483    .ARM.Collect$$libinit$$00000013  libinit2.o(c_w.l)
    0x080001aa   0x00000000   Code   RO          485    .ARM.Collect$$libinit$$00000015  libinit2.o(c_w.l)
    0x080001aa   0x00000000   Code   RO          487    .ARM.Collect$$libinit$$00000017  libinit2.o(c_w.l)
    0x080001aa   0x00000000   Code   RO          489    .ARM.Collect$$libinit$$00000019  libinit2.o(c_w.l)
    0x080001aa   0x00000000   Code   RO          491    .ARM.Collect$$libinit$$0000001B  libinit2.o(c_w.l)
    0x080001aa   0x00000000   Code   RO          493    .ARM.Collect$$libinit$$0000001D  libinit2.o(c_w.l)
    0x080001aa   0x00000000   Code   RO          495    .ARM.Collect$$libinit$$0000001F  libinit2.o(c_w.l)
    0x080001aa   0x00000000   Code   RO          497    .ARM.Collect$$libinit$$00000021  libinit2.o(c_w.l)
    0x080001aa   0x00000000   Code   RO          501    .ARM.Collect$$libinit$$00000028  libinit2.o(c_w.l)
    0x080001aa   0x00000000   Code   RO          503    .ARM.Collect$$libinit$$0000002A  libinit2.o(c_w.l)
    0x080001aa   0x00000000   Code   RO          505    .ARM.Collect$$libinit$$0000002C  libinit2.o(c_w.l)
    0x080001aa   0x00000000   Code   RO          507    .ARM.Collect$$libinit$$0000002E  libinit2.o(c_w.l)
    0x080001aa   0x00000002   Code   RO          508    .ARM.Collect$$libinit$$0000002F  libinit2.o(c_w.l)
    0x080001ac   0x00000002   Code   RO          529    .ARM.Collect$$libshutdown$$00000000  libshutdown.o(c_w.l)
    0x080001ae   0x00000000   Code   RO          542    .ARM.Collect$$libshutdown$$00000003  libshutdown2.o(c_w.l)
    0x080001ae   0x00000000   Code   RO          545    .ARM.Collect$$libshutdown$$00000006  libshutdown2.o(c_w.l)
    0x080001ae   0x00000000   Code   RO          548    .ARM.Collect$$libshutdown$$00000009  libshutdown2.o(c_w.l)
    0x080001ae   0x00000000   Code   RO          550    .ARM.Collect$$libshutdown$$0000000B  libshutdown2.o(c_w.l)
    0x080001ae   0x00000000   Code   RO          553    .ARM.Collect$$libshutdown$$0000000E  libshutdown2.o(c_w.l)
    0x080001ae   0x00000002   Code   RO          554    .ARM.Collect$$libshutdown$$0000000F  libshutdown2.o(c_w.l)
    0x080001b0   0x00000000   Code   RO          419    .ARM.Collect$$rtentry$$00000000  rtentry.o(c_w.l)
    0x080001b0   0x00000000   Code   RO          431    .ARM.Collect$$rtentry$$00000002  rtentry2.o(c_w.l)
    0x080001b0   0x00000006   Code   RO          446    .ARM.Collect$$rtentry$$00000004  rtentry4.o(c_w.l)
    0x080001b6   0x00000000   Code   RO          433    .ARM.Collect$$rtentry$$00000009  rtentry2.o(c_w.l)
    0x080001b6   0x00000004   Code   RO          434    .ARM.Collect$$rtentry$$0000000A  rtentry2.o(c_w.l)
    0x080001ba   0x00000000   Code   RO          436    .ARM.Collect$$rtentry$$0000000C  rtentry2.o(c_w.l)
    0x080001ba   0x00000008   Code   RO          437    .ARM.Collect$$rtentry$$0000000D  rtentry2.o(c_w.l)
    0x080001c2   0x00000000   Code   RO          466    .ARM.Collect$$rtexit$$00000000  rtexit.o(c_w.l)
    0x080001c2   0x00000000   Code   RO          512    .ARM.Collect$$rtexit$$00000002  rtexit2.o(c_w.l)
    0x080001c2   0x00000004   Code   RO          513    .ARM.Collect$$rtexit$$00000003  rtexit2.o(c_w.l)
    0x080001c6   0x00000004   Code   RO          514    .ARM.Collect$$rtexit$$00000004  rtexit2.o(c_w.l)
    0x080001ca   0x00000002   PAD
    0x080001cc   0x00000808   Code   RO            1    .text               main.o
    0x080009d4   0x0000001a   Code   RO          108    .text               stm32f10x_it.o
    0x080009ee   0x00000002   PAD
    0x080009f0   0x000001c8   Code   RO          206    .text               system_stm32f10x.o
    0x08000bb8   0x000000e0   Code   RO          235    .text               misc.o
    0x08000c98   0x00000348   Code   RO          247    .text               stm32f10x_gpio.o
    0x08000fe0   0x00000d62   Code   RO          259    .text               stm32f10x_tim.o
    0x08001d42   0x00000002   PAD
    0x08001d44   0x00000390   Code   RO          271    .text               stm32f10x_rcc.o
    0x080020d4   0x0000009c   Code   RO          285    .text               delay.o
    0x08002170   0x00000040   Code   RO          389  * .text               startup_stm32f10x_hd.o
    0x080021b0   0x00000006   Code   RO          395    .text               heapauxi.o(c_w.l)
    0x080021b6   0x0000004a   Code   RO          450    .text               sys_stackheap_outer.o(c_w.l)
    0x08002200   0x0000000c   Code   RO          452    .text               exit.o(c_w.l)
    0x0800220c   0x00000008   Code   RO          463    .text               libspace.o(c_w.l)
    0x08002214   0x00000014   Code   RO          521    .text               sys_exit.o(c_w.l)
    0x08002228   0x00000002   Code   RO          532    .text               use_no_semi.o(c_w.l)
    0x0800222a   0x00000002   PAD
    0x0800222c   0x00000100   Code   RO          399    x$fpl$fadd          faddsub_clz.o(fz_ws.l)
    0x0800232c   0x0000000c   Code   RO          421    x$fpl$fcheck        fcheck.o(fz_ws.l)
    0x08002338   0x0000000c   Code   RO          423    x$fpl$fcheck1       fcheck1.o(fz_ws.l)
    0x08002344   0x000001e4   Code   RO          406    x$fpl$fdiv          fdiv.o(fz_ws.l)
    0x08002528   0x00000058   Code   RO          409    x$fpl$ffixu         ffixu.o(fz_ws.l)
    0x08002580   0x00000032   Code   RO          414    x$fpl$fflt          fflt_clz.o(fz_ws.l)
    0x080025b2   0x00000008   Code   RO          413    x$fpl$ffltu         fflt_clz.o(fz_ws.l)
    0x080025ba   0x00000002   PAD
    0x080025bc   0x00000108   Code   RO          417    x$fpl$fmul          fmul.o(fz_ws.l)
    0x080026c4   0x0000004a   Code   RO          425    x$fpl$fnorm2        fnorm2_clz.o(fz_ws.l)
    0x0800270e   0x00000002   PAD
    0x08002710   0x00000124   Code   RO          401    x$fpl$fsub          faddsub_clz.o(fz_ws.l)
    0x08002834   0x00000086   Code   RO          427    x$fpl$funder        funder.o(fz_ws.l)
    0x080028ba   0x00000064   Code   RO          448    x$fpl$retnan        retnan.o(fz_ws.l)
    0x0800291e   0x00000030   Code   RO          461    x$fpl$trapveneer    trapv.o(fz_ws.l)
    0x0800294e   0x00000000   Code   RO          429    x$fpl$usenofp       usenofp.o(fz_ws.l)
    0x0800294e   0x00000002   PAD
    0x08002950   0x00000020   Data   RO          585    Region$$Table       anon$$obj.o


    Execution Region ER_RW (Base: 0x20000000, Size: 0x00000054, Max: 0xffffffff, ABSOLUTE)

    Base Addr    Size         Type   Attr      Idx    E Section Name        Object

    0x20000000   0x00000028   Data   RW            3    .data               main.o
    0x20000028   0x00000014   Data   RW          207    .data               system_stm32f10x.o
    0x2000003c   0x00000014   Data   RW          272    .data               stm32f10x_rcc.o
    0x20000050   0x00000004   Data   RW          286    .data               delay.o


    Execution Region ER_ZI (Base: 0x20000054, Size: 0x000006dc, Max: 0xffffffff, ABSOLUTE)

    Base Addr    Size         Type   Attr      Idx    E Section Name        Object

    0x20000054   0x00000078   Zero   RW            2    .bss                main.o
    0x200000cc   0x00000060   Zero   RW          464    .bss                libspace.o(c_w.l)
    0x2000012c   0x00000004   PAD
    0x20000130   0x00000200   Zero   RW          387    HEAP                startup_stm32f10x_hd.o
    0x20000330   0x00000400   Zero   RW          386    STACK               startup_stm32f10x_hd.o


==============================================================================

Image component sizes


      Code (inc. data)   RO Data    RW Data    ZI Data      Debug   Object Name

         0          0          0          0          0         20   core_cm3.o
       156          4          0          4          0       2119   delay.o
      2056        166          0         40        120     241745   main.o
       224         20          0          0          0       1713   misc.o
        64         26        304          0       1536        480   startup_stm32f10x_hd.o
       840         38          0          0          0       5597   stm32f10x_gpio.o
        26          0          0          0          0     243478   stm32f10x_it.o
       912         32          0         20          0       8696   stm32f10x_rcc.o
      3426         84          0          0          0      22308   stm32f10x_tim.o
       456         36          0         20          0       1903   system_stm32f10x.o

    ----------------------------------------------------------------------
      8164        406        336         84       1656     528059   Object Totals
         0          0         32          0          0          0   (incl. Generated)
         4          0          0          0          0          1   (incl. Padding)

    ----------------------------------------------------------------------

      Code (inc. data)   RO Data    RW Data    ZI Data      Debug   Library Member Name

         8          0          0          0          0         68   __main.o
        52          8          0          0          0          0   __scatter.o
        26          0          0          0          0          0   __scatter_copy.o
        28          0          0          0          0          0   __scatter_zi.o
        12          0          0          0          0         68   exit.o
       548         18          0          0          0        136   faddsub_clz.o
        12          6          0          0          0         68   fcheck.o
        12          6          0          0          0         68   fcheck1.o
       484         76          0          0          0         76   fdiv.o
        88          6          0          0          0         68   ffixu.o
        58          0          0          0          0        136   fflt_clz.o
       264          6          0          0          0         68   fmul.o
        74          0          0          0          0         84   fnorm2_clz.o
       134          0          0          0          0         84   funder.o
         6          0          0          0          0        148   heapauxi.o
         6          0          0          0          0          0   libinit.o
         2          0          0          0          0          0   libinit2.o
         2          0          0          0          0          0   libshutdown.o
         2          0          0          0          0          0   libshutdown2.o
         8          4          0          0         96         68   libspace.o
       100          0          0          0          0         68   retnan.o
         0          0          0          0          0          0   rtentry.o
        12          0          0          0          0          0   rtentry2.o
         6          0          0          0          0          0   rtentry4.o
         0          0          0          0          0          0   rtexit.o
         8          0          0          0          0          0   rtexit2.o
        20         10          0          0          0         68   sys_exit.o
        74          0          0          0          0         80   sys_stackheap_outer.o
        48          0          0          0          0         68   trapv.o
         2          0          0          0          0         68   use_no_semi.o
         0          0          0          0          0          0   usenofp.o

    ----------------------------------------------------------------------
      2108        140          0          0        100       1492   Library Totals
        12          0          0          0          4          0   (incl. Padding)

    ----------------------------------------------------------------------

      Code (inc. data)   RO Data    RW Data    ZI Data      Debug   Library Name

       274         22          0          0         96        568   c_w.l
      1822        118          0          0          0        924   fz_ws.l

    ----------------------------------------------------------------------
      2108        140          0          0        100       1492   Library Totals

    ----------------------------------------------------------------------

==============================================================================


      Code (inc. data)   RO Data    RW Data    ZI Data      Debug   

     10272        546        336         84       1756     527952   Grand Totals
     10272        546        336         84       1756     527952   ELF Image Totals
     10272        546        336         84          0          0   ROM Totals

==============================================================================

    Total RO  Size (Code + RO Data)                10608 (  10.36kB)
    Total RW  Size (RW Data + ZI Data)              1840 (   1.80kB)
    Total ROM Size (Code + RO Data + RW Data)      10692 (  10.44kB)

==============================================================================

