<html>
<body>
<pre>
<h1>µVision3 Build Log</h1>
<h2>Project:</h2>
D:\My Documents\Documents\cortexm3\servo-controller\project\robot.uv2
Project File Date:  07/11/2012

<h2>Output:</h2>
Build target 'Target 1'
compiling main.c...
linking...
Program Size: Code=10340 RO-data=336 RW-data=84 ZI-data=1756  
"robot.axf" - 0 Error(s), 0 Warning(s).
Load "D:\\My Documents\\Documents\\cortexm3\\servo-controller\\project\\robot.AXF" 
Erase Done.
Programming Done.
Verify OK.
Build target 'Target 1'
compiling main.c...
linking...
Program Size: Code=10340 RO-data=336 RW-data=84 ZI-data=1756  
"robot.axf" - 0 Error(s), 0 Warning(s).
Load "D:\\My Documents\\Documents\\cortexm3\\servo-controller\\project\\robot.AXF" 
Erase Done.
Programming Done.
Verify OK.
Build target 'Target 1'
linking...
Program Size: Code=10340 RO-data=336 RW-data=84 ZI-data=1756  
"robot.axf" - 0 Error(s), 0 Warning(s).
Load "D:\\My Documents\\Documents\\cortexm3\\servo-controller\\project\\robot.AXF" 
Erase Done.
Programming Done.
Verify OK.
Build target 'Target 1'
compiling main.c...
linking...
Program Size: Code=10340 RO-data=336 RW-data=84 ZI-data=1756  
"robot.axf" - 0 Error(s), 0 Warning(s).
Load "D:\\My Documents\\Documents\\cortexm3\\servo-controller\\project\\robot.AXF" 
Erase Failed!
Load "D:\\My Documents\\Documents\\cortexm3\\servo-controller\\project\\robot.AXF" 
Erase Done.
Programming Done.
Verify OK.
Build target 'Target 1'
compiling main.c...
linking...
Program Size: Code=10340 RO-data=336 RW-data=84 ZI-data=1756  
"robot.axf" - 0 Error(s), 0 Warning(s).
Load "D:\\My Documents\\Documents\\cortexm3\\servo-controller\\project\\robot.AXF" 
Erase Done.
Programming Done.
Verify OK.
Build target 'Target 1'
compiling main.c...
linking...
Program Size: Code=10340 RO-data=336 RW-data=84 ZI-data=1756  
"robot.axf" - 0 Error(s), 0 Warning(s).
Load "D:\\My Documents\\Documents\\cortexm3\\servo-controller\\project\\robot.AXF" 
Erase Done.
Programming Done.
Verify OK.
Build target 'Target 1'
compiling main.c...
linking...
Program Size: Code=10344 RO-data=336 RW-data=84 ZI-data=1756  
"robot.axf" - 0 Error(s), 0 Warning(s).
Load "D:\\My Documents\\Documents\\cortexm3\\servo-controller\\project\\robot.AXF" 
Erase Done.
Programming Done.
Verify OK.
Build target 'Target 1'
compiling main.c...
..\User\main.c(227): error:  #29: expected an expression
Target not created
Load "D:\\My Documents\\Documents\\cortexm3\\servo-controller\\project\\robot.AXF" 
_____^
*** error 56: cant open file
Load "D:\\My Documents\\Documents\\cortexm3\\servo-controller\\project\\robot.AXF" 
_____^
*** error 56: cant open file
Build target 'Target 1'
compiling main.c...
..\User\main.c(227): error:  #29: expected an expression
Target not created
Build target 'Target 1'
compiling main.c...
linking...
Program Size: Code=10344 RO-data=336 RW-data=84 ZI-data=1756  
"robot.axf" - 0 Error(s), 0 Warning(s).
Load "D:\\My Documents\\Documents\\cortexm3\\servo-controller\\project\\robot.AXF" 
Erase Done.
Programming Done.
Verify OK.
Load "D:\\My Documents\\Documents\\cortexm3\\servo-controller\\project\\robot.AXF" 
Erase Done.
Programming Done.
Verify OK.
Build target 'Target 1'
compiling main.c...
linking...
Program Size: Code=10348 RO-data=336 RW-data=84 ZI-data=1756  
"robot.axf" - 0 Error(s), 0 Warning(s).
Load "D:\\My Documents\\Documents\\cortexm3\\servo-controller\\project\\robot.AXF" 
Erase Done.
Programming Done.
Verify OK.
Build target 'Target 1'
linking...
Program Size: Code=10348 RO-data=336 RW-data=84 ZI-data=1756  
"robot.axf" - 0 Error(s), 0 Warning(s).
Load "D:\\My Documents\\Documents\\cortexm3\\servo-controller\\project\\robot.AXF" 
Erase Done.
Programming Done.
Verify OK.
Build target 'Target 1'
compiling main.c...
linking...
Program Size: Code=10364 RO-data=336 RW-data=84 ZI-data=1756  
"robot.axf" - 0 Error(s), 0 Warning(s).
Load "D:\\My Documents\\Documents\\cortexm3\\servo-controller\\project\\robot.AXF" 
Erase Done.
Programming Done.
Verify OK.
Build target 'Target 1'
compiling main.c...
linking...
Program Size: Code=10372 RO-data=336 RW-data=84 ZI-data=1756  
"robot.axf" - 0 Error(s), 0 Warning(s).
Load "D:\\My Documents\\Documents\\cortexm3\\servo-controller\\project\\robot.AXF" 
Erase Done.
Programming Done.
Verify OK.
Build target 'Target 1'
compiling main.c...
linking...
Program Size: Code=10376 RO-data=336 RW-data=84 ZI-data=1756  
"robot.axf" - 0 Error(s), 0 Warning(s).
Build target 'Target 1'
compiling main.c...
linking...
Program Size: Code=10384 RO-data=336 RW-data=84 ZI-data=1756  
"robot.axf" - 0 Error(s), 0 Warning(s).
Load "D:\\My Documents\\Documents\\cortexm3\\servo-controller\\project\\robot.AXF" 
Erase Done.
Programming Done.
Verify OK.
Build target 'Target 1'
compiling main.c...
linking...
Program Size: Code=10384 RO-data=336 RW-data=84 ZI-data=1756  
"robot.axf" - 0 Error(s), 0 Warning(s).
Load "D:\\My Documents\\Documents\\cortexm3\\servo-controller\\project\\robot.AXF" 
Erase Done.
Programming Done.
Verify OK.
Build target 'Target 1'
compiling main.c...
linking...
Program Size: Code=10388 RO-data=336 RW-data=84 ZI-data=1756  
"robot.axf" - 0 Error(s), 0 Warning(s).
Load "D:\\My Documents\\Documents\\cortexm3\\servo-controller\\project\\robot.AXF" 
Erase Done.
Programming Done.
Verify OK.
Build target 'Target 1'
compiling main.c...
linking...
Program Size: Code=10400 RO-data=336 RW-data=84 ZI-data=1756  
"robot.axf" - 0 Error(s), 0 Warning(s).
Load "D:\\My Documents\\Documents\\cortexm3\\servo-controller\\project\\robot.AXF" 
Erase Done.
Programming Done.
Verify OK.
Build target 'Target 1'
compiling main.c...
linking...
Program Size: Code=10388 RO-data=336 RW-data=84 ZI-data=1756  
"robot.axf" - 0 Error(s), 0 Warning(s).
Load "D:\\My Documents\\Documents\\cortexm3\\servo-controller\\project\\robot.AXF" 
Erase Done.
Programming Done.
Verify OK.
Build target 'Target 1'
compiling main.c...
linking...
Program Size: Code=10400 RO-data=336 RW-data=84 ZI-data=1756  
"robot.axf" - 0 Error(s), 0 Warning(s).
Load "D:\\My Documents\\Documents\\cortexm3\\servo-controller\\project\\robot.AXF" 
Erase Done.
Programming Done.
Verify OK.
Build target 'Target 1'
compiling main.c...
linking...
Program Size: Code=10388 RO-data=336 RW-data=84 ZI-data=1756  
"robot.axf" - 0 Error(s), 0 Warning(s).
Load "D:\\My Documents\\Documents\\cortexm3\\servo-controller\\project\\robot.AXF" 
Erase Done.
Programming Done.
Verify OK.
Build target 'Target 1'
compiling main.c...
linking...
Program Size: Code=10380 RO-data=336 RW-data=84 ZI-data=1756  
"robot.axf" - 0 Error(s), 0 Warning(s).
Load "D:\\My Documents\\Documents\\cortexm3\\servo-controller\\project\\robot.AXF" 
Erase Done.
Programming Done.
Verify OK.
Build target 'Target 1'
compiling main.c...
..\User\main.c(177): warning:  #223-D: function "delay_qurartersecond" declared implicitly
linking...
robot.axf: Error: L6218E: Undefined symbol delay_qurartersecond (referred from main.o).
Target not created
Load "D:\\My Documents\\Documents\\cortexm3\\servo-controller\\project\\robot.AXF" 
_____^
*** error 56: cant open file
Build target 'Target 1'
compiling main.c...
linking...
Program Size: Code=10380 RO-data=336 RW-data=84 ZI-data=1756  
"robot.axf" - 0 Error(s), 0 Warning(s).
Load "D:\\My Documents\\Documents\\cortexm3\\servo-controller\\project\\robot.AXF" 
Erase Done.
Programming Done.
Verify OK.
Build target 'Target 1'
compiling main.c...
linking...
Program Size: Code=10380 RO-data=336 RW-data=84 ZI-data=1756  
"robot.axf" - 0 Error(s), 0 Warning(s).
Load "D:\\My Documents\\Documents\\cortexm3\\servo-controller\\project\\robot.AXF" 
Erase Done.
Programming Done.
Verify OK.
Build target 'Target 1'
compiling main.c...
linking...
Program Size: Code=10388 RO-data=336 RW-data=84 ZI-data=1756  
"robot.axf" - 0 Error(s), 0 Warning(s).
Load "D:\\My Documents\\Documents\\cortexm3\\servo-controller\\project\\robot.AXF" 
Erase Done.
Programming Done.
Verify OK.
Build target 'Target 1'
compiling main.c...
linking...
Program Size: Code=10388 RO-data=336 RW-data=84 ZI-data=1756  
"robot.axf" - 0 Error(s), 0 Warning(s).
Load "D:\\My Documents\\Documents\\cortexm3\\servo-controller\\project\\robot.AXF" 
Erase Done.
Programming Done.
Verify OK.
Build target 'Target 1'
compiling main.c...
linking...
Program Size: Code=10388 RO-data=336 RW-data=84 ZI-data=1756  
"robot.axf" - 0 Error(s), 0 Warning(s).
Load "D:\\My Documents\\Documents\\cortexm3\\servo-controller\\project\\robot.AXF" 
Erase Done.
Programming Done.
Verify OK.
Load "D:\\My Documents\\Documents\\cortexm3\\servo-controller\\project\\robot.AXF" 
Erase Done.
Programming Done.
Verify OK.
Build target 'Target 1'
compiling main.c...
linking...
Program Size: Code=10388 RO-data=336 RW-data=84 ZI-data=1756  
"robot.axf" - 0 Error(s), 0 Warning(s).
Load "D:\\My Documents\\Documents\\cortexm3\\servo-controller\\project\\robot.AXF" 
Erase Done.
Programming Done.
Verify OK.
Build target 'Target 1'
compiling main.c...
linking...
Program Size: Code=10384 RO-data=336 RW-data=84 ZI-data=1756  
"robot.axf" - 0 Error(s), 0 Warning(s).
Load "D:\\My Documents\\Documents\\cortexm3\\servo-controller\\project\\robot.AXF" 
Erase Done.
Programming Done.
Verify OK.
Build target 'Target 1'
compiling main.c...
linking...
Program Size: Code=10392 RO-data=336 RW-data=84 ZI-data=1756  
"robot.axf" - 0 Error(s), 0 Warning(s).
Load "D:\\My Documents\\Documents\\cortexm3\\servo-controller\\project\\robot.AXF" 
Erase Done.
Programming Done.
Verify OK.
Build target 'Target 1'
compiling main.c...
linking...
Program Size: Code=10392 RO-data=336 RW-data=84 ZI-data=1756  
"robot.axf" - 0 Error(s), 0 Warning(s).
Load "D:\\My Documents\\Documents\\cortexm3\\servo-controller\\project\\robot.AXF" 
Erase Done.
Programming Done.
Verify OK.
Build target 'Target 1'
compiling main.c...
linking...
Program Size: Code=10408 RO-data=336 RW-data=84 ZI-data=1756  
"robot.axf" - 0 Error(s), 0 Warning(s).
Load "D:\\My Documents\\Documents\\cortexm3\\servo-controller\\project\\robot.AXF" 
Erase Done.
Programming Done.
Verify OK.
Build target 'Target 1'
compiling main.c...
linking...
Program Size: Code=10412 RO-data=336 RW-data=84 ZI-data=1756  
"robot.axf" - 0 Error(s), 0 Warning(s).
Load "D:\\My Documents\\Documents\\cortexm3\\servo-controller\\project\\robot.AXF" 
Erase Done.
Programming Done.
Verify OK.
Build target 'Target 1'
compiling main.c...
linking...
Program Size: Code=10404 RO-data=336 RW-data=84 ZI-data=1756  
"robot.axf" - 0 Error(s), 0 Warning(s).
Load "D:\\My Documents\\Documents\\cortexm3\\servo-controller\\project\\robot.AXF" 
Erase Done.
Programming Done.
Verify OK.
Build target 'Target 1'
compiling main.c...
linking...
Program Size: Code=10428 RO-data=336 RW-data=84 ZI-data=1756  
"robot.axf" - 0 Error(s), 0 Warning(s).
Load "D:\\My Documents\\Documents\\cortexm3\\servo-controller\\project\\robot.AXF" 
Erase Done.
Programming Done.
Verify OK.
compiling main.c...
..\User\main.c - 0 Error(s), 0 Warning(s).
Load "D:\\My Documents\\Documents\\cortexm3\\servo-controller\\project\\robot.AXF" 
Erase Done.
Programming Done.
Verify OK.
Build target 'Target 1'
compiling main.c...
linking...
Program Size: Code=10452 RO-data=336 RW-data=84 ZI-data=1756  
"robot.axf" - 0 Error(s), 0 Warning(s).
Load "D:\\My Documents\\Documents\\cortexm3\\servo-controller\\project\\robot.AXF" 
Erase Done.
Programming Done.
Verify OK.
Build target 'Target 1'
compiling main.c...
linking...
Program Size: Code=10452 RO-data=336 RW-data=84 ZI-data=1756  
"robot.axf" - 0 Error(s), 0 Warning(s).
Load "D:\\My Documents\\Documents\\cortexm3\\servo-controller\\project\\robot.AXF" 
Erase Done.
Programming Done.
Verify OK.
Build target 'Target 1'
compiling main.c...
linking...
Program Size: Code=10452 RO-data=336 RW-data=84 ZI-data=1756  
"robot.axf" - 0 Error(s), 0 Warning(s).
Load "D:\\My Documents\\Documents\\cortexm3\\servo-controller\\project\\robot.AXF" 
Erase Done.
Programming Done.
Verify OK.
Build target 'Target 1'
compiling main.c...
linking...
Program Size: Code=10468 RO-data=336 RW-data=84 ZI-data=1756  
"robot.axf" - 0 Error(s), 0 Warning(s).
Load "D:\\My Documents\\Documents\\cortexm3\\servo-controller\\project\\robot.AXF" 
Erase Done.
Programming Done.
Verify OK.
Build target 'Target 1'
compiling main.c...
linking...
Program Size: Code=10468 RO-data=336 RW-data=84 ZI-data=1756  
"robot.axf" - 0 Error(s), 0 Warning(s).
Load "D:\\My Documents\\Documents\\cortexm3\\servo-controller\\project\\robot.AXF" 
Erase Done.
Programming Done.
Verify OK.
Build target 'Target 1'
compiling main.c...
linking...
Program Size: Code=10468 RO-data=336 RW-data=84 ZI-data=1756  
"robot.axf" - 0 Error(s), 0 Warning(s).
Build target 'Target 1'
compiling main.c...
linking...
Program Size: Code=10472 RO-data=336 RW-data=84 ZI-data=1756  
"robot.axf" - 0 Error(s), 0 Warning(s).
Load "D:\\My Documents\\Documents\\cortexm3\\servo-controller\\project\\robot.AXF" 
Erase Done.
Programming Done.
Verify OK.
Build target 'Target 1'
compiling main.c...
linking...
Program Size: Code=10464 RO-data=336 RW-data=84 ZI-data=1756  
"robot.axf" - 0 Error(s), 0 Warning(s).
Load "D:\\My Documents\\Documents\\cortexm3\\servo-controller\\project\\robot.AXF" 
Erase Done.
Programming Done.
Verify OK.
Load "D:\\My Documents\\Documents\\cortexm3\\servo-controller\\project\\robot.AXF" 
Erase Done.
Programming Done.
Verify OK.
Build target 'Target 1'
compiling main.c...
linking...
Program Size: Code=10464 RO-data=336 RW-data=84 ZI-data=1756  
"robot.axf" - 0 Error(s), 0 Warning(s).
Load "D:\\My Documents\\Documents\\cortexm3\\servo-controller\\project\\robot.AXF" 
Erase Done.
Programming Done.
Verify OK.
Build target 'Target 1'
compiling main.c...
linking...
Program Size: Code=10464 RO-data=336 RW-data=84 ZI-data=1756  
"robot.axf" - 0 Error(s), 0 Warning(s).
Load "D:\\My Documents\\Documents\\cortexm3\\servo-controller\\project\\robot.AXF" 
Erase Done.
Programming Done.
Verify OK.
Build target 'Target 1'
compiling main.c...
linking...
Program Size: Code=10456 RO-data=336 RW-data=84 ZI-data=1756  
"robot.axf" - 0 Error(s), 0 Warning(s).
Load "D:\\My Documents\\Documents\\cortexm3\\servo-controller\\project\\robot.AXF" 
Erase Done.
Programming Done.
Verify OK.
Build target 'Target 1'
compiling main.c...
linking...
Program Size: Code=10464 RO-data=336 RW-data=84 ZI-data=1756  
"robot.axf" - 0 Error(s), 0 Warning(s).
Load "D:\\My Documents\\Documents\\cortexm3\\servo-controller\\project\\robot.AXF" 
Erase Done.
Programming Done.
Verify OK.
Build target 'Target 1'
compiling main.c...
linking...
Program Size: Code=10456 RO-data=336 RW-data=84 ZI-data=1756  
"robot.axf" - 0 Error(s), 0 Warning(s).
Load "D:\\My Documents\\Documents\\cortexm3\\servo-controller\\project\\robot.AXF" 
Erase Done.
Programming Done.
Verify OK.
Build target 'Target 1'
compiling main.c...
linking...
Program Size: Code=10464 RO-data=336 RW-data=84 ZI-data=1756  
"robot.axf" - 0 Error(s), 0 Warning(s).
Build target 'Target 1'
linking...
Program Size: Code=10464 RO-data=336 RW-data=84 ZI-data=1756  
"robot.axf" - 0 Error(s), 0 Warning(s).
Load "D:\\My Documents\\Documents\\cortexm3\\servo-controller\\project\\robot.AXF" 
Erase Done.
Programming Done.
Verify OK.
Build target 'Target 1'
compiling main.c...
linking...
Program Size: Code=10456 RO-data=336 RW-data=84 ZI-data=1756  
"robot.axf" - 0 Error(s), 0 Warning(s).
Load "D:\\My Documents\\Documents\\cortexm3\\servo-controller\\project\\robot.AXF" 
Erase Done.
Programming Failed!
Load "D:\\My Documents\\Documents\\cortexm3\\servo-controller\\project\\robot.AXF" 
Erase Done.
Programming Done.
Verify OK.
Build target 'Target 1'
compiling main.c...
linking...
Program Size: Code=10452 RO-data=336 RW-data=84 ZI-data=1756  
"robot.axf" - 0 Error(s), 0 Warning(s).
Load "D:\\My Documents\\Documents\\cortexm3\\servo-controller\\project\\robot.AXF" 
Erase Done.
Programming Done.
Verify OK.
Build target 'Target 1'
compiling main.c...
linking...
Program Size: Code=10488 RO-data=336 RW-data=84 ZI-data=1756  
"robot.axf" - 0 Error(s), 0 Warning(s).
Load "D:\\My Documents\\Documents\\cortexm3\\servo-controller\\project\\robot.AXF" 
Erase Done.
Programming Done.
Verify OK.
Build target 'Target 1'
compiling main.c...
linking...
Program Size: Code=10592 RO-data=336 RW-data=84 ZI-data=1756  
"robot.axf" - 0 Error(s), 0 Warning(s).
Load "D:\\My Documents\\Documents\\cortexm3\\servo-controller\\project\\robot.AXF" 
Erase Done.
Programming Done.
Verify OK.
Build target 'Target 1'
compiling main.c...
linking...
Program Size: Code=10520 RO-data=336 RW-data=84 ZI-data=1756  
"robot.axf" - 0 Error(s), 0 Warning(s).
Load "D:\\My Documents\\Documents\\cortexm3\\servo-controller\\project\\robot.AXF" 
Erase Done.
Programming Done.
Verify OK.
Build target 'Target 1'
compiling main.c...
linking...
Program Size: Code=10520 RO-data=336 RW-data=84 ZI-data=1756  
"robot.axf" - 0 Error(s), 0 Warning(s).
Load "D:\\My Documents\\Documents\\cortexm3\\servo-controller\\project\\robot.AXF" 
Erase Done.
Programming Done.
Verify OK.
Load "D:\\My Documents\\Documents\\cortexm3\\servo-controller\\project\\robot.AXF" 
Erase Done.
Programming Done.
Verify OK.
Build target 'Target 1'
compiling main.c...
linking...
Program Size: Code=10516 RO-data=336 RW-data=84 ZI-data=1756  
"robot.axf" - 0 Error(s), 0 Warning(s).
Load "D:\\My Documents\\Documents\\cortexm3\\servo-controller\\project\\robot.AXF" 
Erase Done.
Programming Done.
Verify OK.
Build target 'Target 1'
compiling main.c...
linking...
Program Size: Code=10520 RO-data=336 RW-data=84 ZI-data=1756  
"robot.axf" - 0 Error(s), 0 Warning(s).
Load "D:\\My Documents\\Documents\\cortexm3\\servo-controller\\project\\robot.AXF" 
Erase Done.
Programming Done.
Verify OK.
Build target 'Target 1'
compiling main.c...
linking...
Program Size: Code=10524 RO-data=336 RW-data=84 ZI-data=1756  
"robot.axf" - 0 Error(s), 0 Warning(s).
Load "D:\\My Documents\\Documents\\cortexm3\\servo-controller\\project\\robot.AXF" 
Erase Done.
Programming Done.
Verify OK.
Build target 'Target 1'
compiling main.c...
linking...
Program Size: Code=10520 RO-data=336 RW-data=84 ZI-data=1756  
"robot.axf" - 0 Error(s), 0 Warning(s).
Load "D:\\My Documents\\Documents\\cortexm3\\servo-controller\\project\\robot.AXF" 
Erase Done.
Programming Done.
Verify OK.
Load "D:\\My Documents\\Documents\\cortexm3\\servo-controller\\project\\robot.AXF" 
Erase Done.
Programming Done.
Verify OK.
Build target 'Target 1'
compiling main.c...
linking...
Program Size: Code=10524 RO-data=336 RW-data=84 ZI-data=1756  
"robot.axf" - 0 Error(s), 0 Warning(s).
Load "D:\\My Documents\\Documents\\cortexm3\\servo-controller\\project\\robot.AXF" 
Erase Done.
Programming Done.
Verify OK.
Build target 'Target 1'
compiling main.c...
linking...
Program Size: Code=10520 RO-data=336 RW-data=84 ZI-data=1756  
"robot.axf" - 0 Error(s), 0 Warning(s).
Build target 'Target 1'
compiling main.c...
linking...
Program Size: Code=10524 RO-data=336 RW-data=84 ZI-data=1756  
"robot.axf" - 0 Error(s), 0 Warning(s).
Load "D:\\My Documents\\Documents\\cortexm3\\servo-controller\\project\\robot.AXF" 
Erase Done.
Programming Done.
Verify OK.
Build target 'Target 1'
linking...
Program Size: Code=10524 RO-data=336 RW-data=84 ZI-data=1756  
"robot.axf" - 0 Error(s), 0 Warning(s).
Load "D:\\My Documents\\Documents\\cortexm3\\servo-controller\\project\\robot.AXF" 
Erase Done.
Programming Done.
Verify OK.
Build target 'Target 1'
compiling main.c...
linking...
Program Size: Code=10520 RO-data=336 RW-data=84 ZI-data=1756  
"robot.axf" - 0 Error(s), 0 Warning(s).
Load "D:\\My Documents\\Documents\\cortexm3\\servo-controller\\project\\robot.AXF" 
Erase Done.
Programming Done.
Verify OK.
Build target 'Target 1'
compiling main.c...
linking...
Program Size: Code=10512 RO-data=336 RW-data=84 ZI-data=1756  
"robot.axf" - 0 Error(s), 0 Warning(s).
Load "D:\\My Documents\\Documents\\cortexm3\\servo-controller\\project\\robot.AXF" 
Erase Done.
Programming Failed!
Load "D:\\My Documents\\Documents\\cortexm3\\servo-controller\\project\\robot.AXF" 
Erase Done.
Programming Done.
Verify OK.
Build target 'Target 1'
compiling main.c...
linking...
Program Size: Code=10500 RO-data=336 RW-data=84 ZI-data=1756  
"robot.axf" - 0 Error(s), 0 Warning(s).
Load "D:\\My Documents\\Documents\\cortexm3\\servo-controller\\project\\robot.AXF" 
Erase Done.
Programming Done.
Verify OK.
Build target 'Target 1'
compiling main.c...
linking...
Program Size: Code=10512 RO-data=336 RW-data=84 ZI-data=1756  
"robot.axf" - 0 Error(s), 0 Warning(s).
Load "D:\\My Documents\\Documents\\cortexm3\\servo-controller\\project\\robot.AXF" 
Erase Done.
Programming Done.
Verify OK.
Build target 'Target 1'
compiling main.c...
linking...
Program Size: Code=10512 RO-data=336 RW-data=84 ZI-data=1756  
"robot.axf" - 0 Error(s), 0 Warning(s).
Load "D:\\My Documents\\Documents\\cortexm3\\servo-controller\\project\\robot.AXF" 
Erase Done.
Programming Done.
Verify OK.
Build target 'Target 1'
compiling main.c...
linking...
Program Size: Code=10512 RO-data=336 RW-data=84 ZI-data=1756  
"robot.axf" - 0 Error(s), 0 Warning(s).
Load "D:\\My Documents\\Documents\\cortexm3\\servo-controller\\project\\robot.AXF" 
Erase Done.
Programming Done.
Verify OK.
Build target 'Target 1'
compiling main.c...
linking...
Program Size: Code=10512 RO-data=336 RW-data=84 ZI-data=1756  
"robot.axf" - 0 Error(s), 0 Warning(s).
Load "D:\\My Documents\\Documents\\cortexm3\\servo-controller\\project\\robot.AXF" 
Erase Done.
Programming Done.
Verify OK.
Build target 'Target 1'
compiling main.c...
linking...
Program Size: Code=10512 RO-data=336 RW-data=84 ZI-data=1756  
"robot.axf" - 0 Error(s), 0 Warning(s).
Load "D:\\My Documents\\Documents\\cortexm3\\servo-controller\\project\\robot.AXF" 
Erase Done.
Programming Done.
Verify OK.
Build target 'Target 1'
linking...
Program Size: Code=10512 RO-data=336 RW-data=84 ZI-data=1756  
"robot.axf" - 0 Error(s), 0 Warning(s).
Load "D:\\My Documents\\Documents\\cortexm3\\servo-controller\\project\\robot.AXF" 
Erase Done.
Programming Done.
Verify OK.
Build target 'Target 1'
compiling main.c...
linking...
Program Size: Code=10508 RO-data=336 RW-data=84 ZI-data=1756  
"robot.axf" - 0 Error(s), 0 Warning(s).
Load "D:\\My Documents\\Documents\\cortexm3\\servo-controller\\project\\robot.AXF" 
Erase Done.
Programming Done.
Verify OK.
Build target 'Target 1'
compiling main.c...
linking...
Program Size: Code=10516 RO-data=336 RW-data=84 ZI-data=1756  
"robot.axf" - 0 Error(s), 0 Warning(s).
Build target 'Target 1'
linking...
Program Size: Code=10516 RO-data=336 RW-data=84 ZI-data=1756  
"robot.axf" - 0 Error(s), 0 Warning(s).
Load "D:\\My Documents\\Documents\\cortexm3\\servo-controller\\project\\robot.AXF" 
Erase Done.
Programming Done.
Verify OK.
Build target 'Target 1'
compiling main.c...
linking...
Program Size: Code=10516 RO-data=336 RW-data=84 ZI-data=1756  
"robot.axf" - 0 Error(s), 0 Warning(s).
Load "D:\\My Documents\\Documents\\cortexm3\\servo-controller\\project\\robot.AXF" 
Erase Done.
Programming Done.
Verify OK.
Build target 'Target 1'
compiling main.c...
linking...
Program Size: Code=10516 RO-data=336 RW-data=84 ZI-data=1756  
"robot.axf" - 0 Error(s), 0 Warning(s).
Load "D:\\My Documents\\Documents\\cortexm3\\servo-controller\\project\\robot.AXF" 
Erase Done.
Programming Done.
Verify OK.
Build target 'Target 1'
compiling main.c...
linking...
Program Size: Code=10516 RO-data=336 RW-data=84 ZI-data=1756  
"robot.axf" - 0 Error(s), 0 Warning(s).
Load "D:\\My Documents\\Documents\\cortexm3\\servo-controller\\project\\robot.AXF" 
Erase Done.
Programming Done.
Verify OK.
Build target 'Target 1'
compiling main.c...
linking...
Program Size: Code=10516 RO-data=336 RW-data=84 ZI-data=1756  
"robot.axf" - 0 Error(s), 0 Warning(s).
Load "D:\\My Documents\\Documents\\cortexm3\\servo-controller\\project\\robot.AXF" 
Erase Done.
Programming Done.
Verify OK.
Build target 'Target 1'
compiling main.c...
linking...
Program Size: Code=10516 RO-data=336 RW-data=84 ZI-data=1756  
"robot.axf" - 0 Error(s), 0 Warning(s).
Load "D:\\My Documents\\Documents\\cortexm3\\servo-controller\\project\\robot.AXF" 
Erase Done.
Programming Done.
Verify OK.
Load "D:\\My Documents\\Documents\\cortexm3\\servo-controller\\project\\robot.AXF" 
Erase Done.
Programming Done.
Verify OK.
Build target 'Target 1'
compiling main.c...
linking...
Program Size: Code=10516 RO-data=336 RW-data=84 ZI-data=1756  
"robot.axf" - 0 Error(s), 0 Warning(s).
Build target 'Target 1'
compiling main.c...
linking...
Program Size: Code=10516 RO-data=336 RW-data=84 ZI-data=1756  
"robot.axf" - 0 Error(s), 0 Warning(s).
Load "D:\\My Documents\\Documents\\cortexm3\\servo-controller\\project\\robot.AXF" 
Erase Done.
Programming Done.
Verify OK.
Build target 'Target 1'
linking...
Program Size: Code=10516 RO-data=336 RW-data=84 ZI-data=1756  
"robot.axf" - 0 Error(s), 0 Warning(s).
Load "D:\\My Documents\\Documents\\cortexm3\\servo-controller\\project\\robot.AXF" 
Erase Done.
Programming Done.
Verify OK.
Build target 'Target 1'
compiling main.c...
linking...
Program Size: Code=10516 RO-data=336 RW-data=84 ZI-data=1756  
"robot.axf" - 0 Error(s), 0 Warning(s).
Load "D:\\My Documents\\Documents\\cortexm3\\servo-controller\\project\\robot.AXF" 
Erase Done.
Programming Done.
Verify OK.
Build target 'Target 1'
compiling main.c...
linking...
Program Size: Code=10516 RO-data=336 RW-data=84 ZI-data=1756  
"robot.axf" - 0 Error(s), 0 Warning(s).
Load "D:\\My Documents\\Documents\\cortexm3\\servo-controller\\project\\robot.AXF" 
Erase Failed!
Build target 'Target 1'
linking...
Program Size: Code=10516 RO-data=336 RW-data=84 ZI-data=1756  
"robot.axf" - 0 Error(s), 0 Warning(s).
Load "D:\\My Documents\\Documents\\cortexm3\\servo-controller\\project\\robot.AXF" 
Erase Done.
Programming Done.
Verify OK.
Build target 'Target 1'
compiling main.c...
linking...
Program Size: Code=10528 RO-data=336 RW-data=84 ZI-data=1756  
"robot.axf" - 0 Error(s), 0 Warning(s).
Load "D:\\My Documents\\Documents\\cortexm3\\servo-controller\\project\\robot.AXF" 
Erase Done.
Programming Done.
Verify OK.
Build target 'Target 1'
linking...
Program Size: Code=10528 RO-data=336 RW-data=84 ZI-data=1756  
"robot.axf" - 0 Error(s), 0 Warning(s).
Load "D:\\My Documents\\Documents\\cortexm3\\servo-controller\\project\\robot.AXF" 
Erase Done.
Programming Done.
Verify OK.
Build target 'Target 1'
compiling main.c...
linking...
Program Size: Code=10540 RO-data=336 RW-data=84 ZI-data=1756  
"robot.axf" - 0 Error(s), 0 Warning(s).
Load "D:\\My Documents\\Documents\\cortexm3\\servo-controller\\project\\robot.AXF" 
Erase Done.
Programming Failed!
Load "D:\\My Documents\\Documents\\cortexm3\\servo-controller\\project\\robot.AXF" 
Erase Done.
Programming Done.
Verify OK.
Build target 'Target 1'
compiling main.c...
linking...
Program Size: Code=10460 RO-data=336 RW-data=84 ZI-data=1756  
"robot.axf" - 0 Error(s), 0 Warning(s).
Load "D:\\My Documents\\Documents\\cortexm3\\servo-controller\\project\\robot.AXF" 
Erase Done.
Programming Done.
Verify OK.
Build target 'Target 1'
compiling main.c...
linking...
Program Size: Code=10460 RO-data=336 RW-data=84 ZI-data=1756  
"robot.axf" - 0 Error(s), 0 Warning(s).
Load "D:\\My Documents\\Documents\\cortexm3\\servo-controller\\project\\robot.AXF" 
Erase Done.
Programming Done.
Verify OK.
Build target 'Target 1'
compiling main.c...
linking...
Program Size: Code=10460 RO-data=336 RW-data=84 ZI-data=1756  
"robot.axf" - 0 Error(s), 0 Warning(s).
Load "D:\\My Documents\\Documents\\cortexm3\\servo-controller\\project\\robot.AXF" 
Erase Done.
Programming Done.
Verify OK.
Build target 'Target 1'
compiling main.c...
linking...
Program Size: Code=10464 RO-data=336 RW-data=84 ZI-data=1756  
"robot.axf" - 0 Error(s), 0 Warning(s).
Load "D:\\My Documents\\Documents\\cortexm3\\servo-controller\\project\\robot.AXF" 
Erase Done.
Programming Done.
Verify OK.
Build target 'Target 1'
compiling main.c...
linking...
Program Size: Code=10464 RO-data=336 RW-data=84 ZI-data=1756  
"robot.axf" - 0 Error(s), 0 Warning(s).
Load "D:\\My Documents\\Documents\\cortexm3\\servo-controller\\project\\robot.AXF" 
Erase Done.
Programming Done.
Verify OK.
Build target 'Target 1'
compiling main.c...
linking...
Program Size: Code=10472 RO-data=336 RW-data=84 ZI-data=1756  
"robot.axf" - 0 Error(s), 0 Warning(s).
Build target 'Target 1'
compiling main.c...
linking...
Program Size: Code=10476 RO-data=336 RW-data=84 ZI-data=1756  
"robot.axf" - 0 Error(s), 0 Warning(s).
Load "D:\\My Documents\\Documents\\cortexm3\\servo-controller\\project\\robot.AXF" 
Erase Done.
Programming Done.
Verify OK.
Build target 'Target 1'
compiling main.c...
linking...
Program Size: Code=10480 RO-data=336 RW-data=84 ZI-data=1756  
"robot.axf" - 0 Error(s), 0 Warning(s).
Load "D:\\My Documents\\Documents\\cortexm3\\servo-controller\\project\\robot.AXF" 
Erase Done.
Programming Done.
Verify OK.
Build target 'Target 1'
compiling main.c...
linking...
Program Size: Code=10480 RO-data=336 RW-data=84 ZI-data=1756  
"robot.axf" - 0 Error(s), 0 Warning(s).
Load "D:\\My Documents\\Documents\\cortexm3\\servo-controller\\project\\robot.AXF" 
Erase Done.
Programming Done.
Verify OK.
Build target 'Target 1'
compiling main.c...
linking...
Program Size: Code=10476 RO-data=336 RW-data=84 ZI-data=1756  
"robot.axf" - 0 Error(s), 0 Warning(s).
Load "D:\\My Documents\\Documents\\cortexm3\\servo-controller\\project\\robot.AXF" 
Erase Done.
Programming Done.
Verify OK.
Build target 'Target 1'
compiling main.c...
linking...
Program Size: Code=10476 RO-data=336 RW-data=84 ZI-data=1756  
"robot.axf" - 0 Error(s), 0 Warning(s).
